[yeto] run 'algo1b-g1f-token' submitted; worker pid 2412052.
[yeto] log: /home/michael/.yeto/runs/algo1b-g1f-token/launcher.log
[yeto] streaming logs — Ctrl-C detaches, the run keeps going.

[launcher] --rl-single-island-no-sync: no syncer, no outer sync
[launcher] deploying Modal app yeto-algo1b-g1f-token (1 island(s))
[launcher] Modal app stop failed: modal app stop yeto-algo1b-g1f-token failed: ╭─ Error ──────────────────────────────────────────────────────────────────────╮
│ No App with name 'yeto-algo1b-g1f-token' found in the 'main' environment.    │
╰──────────────────────────────────────────────────────────────────────────────╯
Traceback (most recent call last):
  File "/home/michael/work/algo-1b-tok/yeto/cli.py", line 1657, in cmd_worker
    code = launcher_run(args, on_clusters=record_clusters)
           ^^^^^^^^^^^^^^^^^^^^^^^^^^^^^^^^^^^^^^^^^^^^^^^
  File "/home/michael/work/algo-1b-tok/yeto/launcher.py", line 4052, in run
    modal_ops.deploy()
  File "/home/michael/work/algo-1b-tok/yeto/modal_runner.py", line 433, in deploy
    self._app.deploy(name=self.app_name)
  File "/home/michael/work/gpu-head/venv/lib/python3.12/site-packages/modal/app.py", line 581, in deploy
    result = await _deploy_app(
             ^^^^^^^^^^^^^^^^^^
  File "/home/michael/work/gpu-head/venv/lib/python3.12/site-packages/modal/runner.py", line 689, in _deploy_app
    raise e
  File "/home/michael/work/gpu-head/venv/lib/python3.12/site-packages/modal/runner.py", line 666, in _deploy_app
    await _create_all_objects(running_app, local_app_state, root_load_context)
  File "/home/michael/work/gpu-head/venv/lib/python3.12/site-packages/modal/runner.py", line 203, in _create_all_objects
    await asyncio.gather(*[tc.create_task(_load(tag, obj)) for tag, obj in indexed_objects.items()])
  File "/home/michael/work/gpu-head/venv/lib/python3.12/site-packages/modal/runner.py", line 194, in _load
    await resolver.load(obj, load_context, existing_object_id=existing_object_id)
  File "/home/michael/work/gpu-head/venv/lib/python3.12/site-packages/modal/mount.py", line 644, in _load_mount
    async for file in stream:
  File "/home/michael/work/gpu-head/venv/lib/python3.12/site-packages/modal/_utils/async_utils.py", line 1213, in async_map
    async for item in stream:
  File "/home/michael/work/gpu-head/venv/lib/python3.12/site-packages/modal/_utils/async_utils.py", line 1108, in async_merge
    raise item.value
  File "/home/michael/work/gpu-head/venv/lib/python3.12/site-packages/modal/_utils/async_utils.py", line 1087, in producer
    async for item in stream:
  File "/home/michael/work/gpu-head/venv/lib/python3.12/site-packages/modal/_utils/async_utils.py", line 1202, in worker
    res = await prevent_cancellation_abortion(async_mapper_func(item.value))
          ^^^^^^^^^^^^^^^^^^^^^^^^^^^^^^^^^^^^^^^^^^^^^^^^^^^^^^^^^^^^^^^^^^
  File "/home/michael/work/gpu-head/venv/lib/python3.12/site-packages/modal/_utils/async_utils.py", line 1167, in prevent_cancellation_abortion
    return await asyncio.shield(t)
           ^^^^^^^^^^^^^^^^^^^^^^^
  File "/home/michael/work/gpu-head/venv/lib/python3.12/site-packages/modal/mount.py", line 578, in _put_file
    raise modal.exception.ExecutionError(msg)
modal.exception.ExecutionError: /home/michael/work/algo-1b-tok/openspec/changes/rl-algo-grpo-knobs/evidence/2026-09-29-algo1b-g1f/out-baseline/noprogress.log was modified during build process.
[yeto] run 'algo1b-g1f-token' finished: FAILED (exit code 1)
rc=1
