layer /tmp/img-m3a27/build/layer.tar: 13898 entries
layer.tar sha256=948731e3053f0706759b31d7707a2e8e495729b8c76abd1a17646edba47254d1
2026/10/01 23:37:41 existing blob: sha256:f0af354daeda18f18684b23520969ef6bb3de82bb267936f867b12769be9125d
2026/10/01 23:37:41 existing blob: sha256:5e25946ba40dcbc2410bf1852d135a46cb31cc7f89c05b9ef1ab12a6ef988aeb
2026/10/01 23:37:41 existing blob: sha256:95e35692d3cc347d712fd236fd2af3b1c697783518182b1ae716722f694ed616
2026/10/01 23:37:41 existing blob: sha256:689b91d88a0f4086057ec826027b128902ecf2b516be510371c115bc55da19a6
2026/10/01 23:37:41 existing blob: sha256:ccf9c70a85fc6158d617c85f3f719f669efb00c28fd45fa292575d351435bd2f
2026/10/01 23:37:41 existing blob: sha256:4f4fb700ef54461cfa02571ae0db9a0dc1e0cdb5577484a6d75e68dc38e8acc1
2026/10/01 23:37:41 existing blob: sha256:a30da298bda6986d68697bc361b9204f189616a3b7cc748c91846ecddbb873aa
2026/10/01 23:37:41 existing blob: sha256:730c8029606bf4b4533d7a7159458cf5e3f348ea956ccfb10ce5da3e20adac8f
2026/10/01 23:37:42 existing blob: sha256:cb3db0ad5ae089b6ae0c5b39b73e73cac40a558df052e602f8b0f24972b003b4
2026/10/01 23:37:42 existing blob: sha256:21e0ed254c8bac8e7e21e80b250a5dc4a92211bbc2f658f9f81ef93c7c623f03
2026/10/01 23:37:42 existing blob: sha256:b533a7368b7da8141f98b9a2442f84b5aa5d32f2d286c2611a32f725361f84b6
2026/10/01 23:37:42 existing blob: sha256:8bd080c2e4b22c71c5058be60551a2735c1bead7341fe005313ca704578d9fa5
2026/10/01 23:37:42 existing blob: sha256:cc689184d8c0977f56d2da63b3a3d225dc9c7fadb9375338768cf4909b016b32
2026/10/01 23:37:42 existing blob: sha256:adebc1576f3c07100011ce7679aef5e7bb1e4aaca050e6d8e729273d22a2442a
2026/10/01 23:37:42 existing blob: sha256:400821fd86ee1a17c460a7addf3892121cfb660a274b37e6a23cf36e7eaa931c
2026/10/01 23:37:42 existing blob: sha256:2aed42a8a48dc6c035fd5ec92f34c73741c0211cf077bc7d65871ec29eadb166
2026/10/01 23:37:42 existing blob: sha256:935d31342cd5e25cdc31391d2404014cbcdba670e683ef5b1011d7e6ebb091b7
2026/10/01 23:37:42 existing blob: sha256:039b64830ed6081885457df32a1b0ace925ebcf4b7039f4fe3eb83c34ef7e3c5
2026/10/01 23:37:42 existing blob: sha256:f41328bd705d089cfa52bc663154af33220b3637600bb16603ced11d834d8d72
2026/10/01 23:37:42 existing blob: sha256:7b999ece6ae5ebe700943dc744101515bf55b84f861550dc081b1b2182e44f9b
2026/10/01 23:37:42 existing blob: sha256:b038a66f4cbe425ebcc436214e786423bbce22562531bb2a736808c0b3cbb793
2026/10/01 23:37:42 existing blob: sha256:ab71f57d09b9edcf08f886ec62f5e47f06e9b3aa3bc2dc57ef8da5b2ecc5c62e
2026/10/01 23:37:42 existing blob: sha256:185fedfb07e0d9d5a20c4690bbbd894061d39be9ce1da8ab9c73ab72c23c18ca
2026/10/01 23:37:42 existing blob: sha256:111d246da71d080c5b1492dea5abaf7875da5e415b075c60a01248dd916ed134
2026/10/01 23:37:42 existing blob: sha256:16f3784b5dc551dcb9fefc56fa0a2bb6bfc03ced8c23485d814bb2f3e27bbe1d
2026/10/01 23:37:42 existing blob: sha256:93df5e781e6741d2b3df3c60569584848d4a3c23d0315bdb6365a674b9d805ea
2026/10/01 23:37:42 existing blob: sha256:d6a95fc732325c983e8949823b25e31e13d60cc5928256cbc4390c9ac9166976
2026/10/01 23:37:43 existing blob: sha256:524c7ecf6b5e5974b71d799983c9a3f70b3de96f064ae12efeb25a8465c712d9
2026/10/01 23:37:43 existing blob: sha256:0dd9da690b991f866980c3a1103515b9103919084af485c5448d55fa2648acf2
2026/10/01 23:37:43 existing blob: sha256:3ce18898973d54b3446b44c68d1a0ac0208e65ad6f3b03f6ccbd84f4de86fd3a
2026/10/01 23:37:43 existing blob: sha256:571b0dcaab4683188818a5c7cb01a3d1cc58c585fdb2fb9a5fb7b72e8c8ebbd8
2026/10/01 23:37:43 existing blob: sha256:5d2270e09c8e6e35301b6518bb73bb349c1308c4bdb657d935591c13378937b2
2026/10/01 23:37:43 existing blob: sha256:f6d6bb60bc470b4fcec4760006b6068ee544e252125128d79ed8079c1768d54c
2026/10/01 23:37:43 existing blob: sha256:a015a69d27f92404809c11202489befc741cd885c2fd3dbaf20f951c0064fae3
2026/10/01 23:37:43 existing blob: sha256:2c21269a480081b27fb884e299cae37bc8a70ad89559995c0d0f3e71a70d1ade
2026/10/01 23:37:43 existing blob: sha256:4fbbc13a3901a7d1fb4fda8893a4b31e31ac456a29d4f2a89524b6aca945e021
2026/10/01 23:37:43 existing blob: sha256:17539d0fc58fc0c094ac385f293382f535fb10cc034f870b6dc69dacce3b1219
2026/10/01 23:37:43 existing blob: sha256:2dddf78177fa94da9ef5c4b961e5c5ee26469b6f2560fb5b9f6a6895ca4f5b29
2026/10/01 23:37:43 existing blob: sha256:0fa0309c9da6828dbb7f5f61f5af7bd1956e3a7187a2067db446661a125cfecc
2026/10/01 23:37:43 existing blob: sha256:ae89691758eb03d7df662008958a1cf469dfefce52bfdb6c7244ad4d4f9b5234
2026/10/01 23:37:43 existing blob: sha256:9d3348c3291af4aff971863441dc70fa73b2086c3b605cbaf9a6a66d9d50ecd9
2026/10/01 23:37:43 existing blob: sha256:50fa8cf4ca6cee52a76a126bb7165c85633262b1ccfe8a62fa37e0b0d3441d8d
2026/10/01 23:37:43 existing blob: sha256:458cae297e48dbeb3a7fa35e1b06400367ea7775addf2c41a6a6d274b2043aec
2026/10/01 23:37:43 existing blob: sha256:1d3315eca3585600f5cac02d98a42e9bc1700c50177872e8c7366c900419e2fd
2026/10/01 23:37:43 existing blob: sha256:b19774865a264f9904cd851cdfb6be53224835e6160b1b86a44a8e2f2fcbc41b
2026/10/01 23:37:43 existing blob: sha256:dfcbe8037935d3caa70d5bc1c6543889e7c239efc6d93502628e8ce343bab848
2026/10/01 23:37:44 existing blob: sha256:c934f3da45276918c786eb78af1e2caaa057baea3bf263b0cc0d60c4dabad1e0
2026/10/01 23:37:44 existing blob: sha256:6a4a731887c488fa905d7044b28e535d37c989f4771ca77bd038a2581430a04b
2026/10/01 23:37:44 existing blob: sha256:f87452529f110adba22becde5b51b0249d8fab83f4711df22d6e8235de4370b2
2026/10/01 23:37:44 existing blob: sha256:5b6836e30e3123a3472d3ee1a3d81a37fbdf95bd16ba5c5d37abcdbd25279b5e
2026/10/01 23:37:44 existing blob: sha256:dc997b53f184856166f069251484bba8282ae5ffc30478018e344a038309e58a
2026/10/01 23:37:44 existing blob: sha256:4860e32aea2ccdc0e56a4f69e44d1f2586649744f123483397c152f489a9928e
2026/10/01 23:37:44 existing blob: sha256:c682787e7a64d7e4999e2cd4dad71603c68c83d30814cbee798cf076e8e1f5cd
2026/10/01 23:37:44 existing blob: sha256:aef12d0a0b03d12a4a89f1349888d58f09ac3dc6477226d7b0aca632d0930b6d
2026/10/01 23:37:44 existing blob: sha256:1fb6fb6ba67fbbb7c6e1f0131d43861cb771bb0ea4f810599de0ed6b1af80c80
2026/10/01 23:37:44 existing blob: sha256:f74d88777f1977ba978fbf4930e1f9b02f019bf503fa82e906a09f200efea900
2026/10/01 23:37:44 existing blob: sha256:cf5507595d1fc9246e6b6d8939d74f240eaea8cee9f27e0f9f83f712fe3b0331
2026/10/01 23:37:44 existing blob: sha256:ba037d68d26fe937411e1fef0006ad4ddfa29ab2616032ea654300891acd5d88
2026/10/01 23:37:44 existing blob: sha256:28253f25dbebd4e04701fd73b7a752533da8bab6b3a0d9ff148d73955dd49b32
2026/10/01 23:37:44 existing blob: sha256:d8c06617985ef70b653cb8833a55f8d4c7b5f02d71c42eaa5c5b3fcfe6fc60e4
2026/10/01 23:37:44 existing blob: sha256:2069d7acc4e0f4a4b8d1bea5e36bb29fb6cbda2b841ba44b08b7cb535fb2f809
2026/10/01 23:37:44 existing blob: sha256:30451c158d3a9683b8c3f34da325f7ee922dd7c3a7d32ca74beba6e725eee756
2026/10/01 23:37:44 existing blob: sha256:82e5a6fdac1dd0ef3124ad06b75c04ba42c880ba2f1a80097a82352a93eaf75b
2026/10/01 23:37:44 existing blob: sha256:3ccb4a6f5b982fde32631b052baeb331bc93e973112ee7fc9da86eb32b41133e
2026/10/01 23:37:44 existing blob: sha256:ade5cd857924ea76f0e0d6c6f1a27232f5acbc81ebc221b7ac87f0e6ece9ac96
2026/10/01 23:37:44 existing blob: sha256:76c8a9bda291a12494dd51693b06950be12236393cb9f85128a584f791d2e752
2026/10/01 23:37:45 existing blob: sha256:0bf0306603ee7aa3459e3e1a93bd12c2c6ad6daa1c9999b5b3f3903a5d9c2c13
2026/10/01 23:37:45 existing blob: sha256:0c596e75f361497ee6782b600ce812f433d63b47deb35112f211d04946c2cc8e
2026/10/01 23:37:45 existing blob: sha256:1956b1f7e96042f8f5c4c65627356a4a180685de4c35ddc782e265c432a3b4a6
2026/10/01 23:37:45 existing blob: sha256:015569105da170f02dc3fd4686dd69ee8f78a0883edbc28f79407dbaa3311d0c
2026/10/01 23:37:45 existing blob: sha256:1ac8b9672b05463e12056e931764b9d8f62cca1550a442595c779ce67f7315d5
2026/10/01 23:37:45 existing blob: sha256:33bb35167603ea643e5b3ed74ca6f8c5540222bdaec5c6819e16e5c8ee9aa29f
2026/10/01 23:37:45 existing blob: sha256:a994098da9f35ddbfe73c157477187f90b5fddf25201ce16000f756f85c3972f
2026/10/01 23:37:45 existing blob: sha256:20dd0957811ed19749cf3eb17fd7ca50ad88f42c405bf3b09c0ffb69fac5dc7e
2026/10/01 23:37:45 existing blob: sha256:709a16a86fa3d86ee4cb2e0c5e30529a9dc2197093b1d0582441622ee8821c8d
2026/10/01 23:37:45 existing blob: sha256:e063fe2a605017bc30f9a5c6b53ea5f33fb9add21d1fe7825f7d11368fe18372
2026/10/01 23:37:45 existing blob: sha256:45ff40583cfa511bc676e86772a47f523bc10172ff549d6f12a25f69978d7d56
2026/10/01 23:37:45 existing blob: sha256:88b77a2db14693fc2dbaea183f7c65865a26d41a1e24800ae3f5f3af607a568c
2026/10/01 23:37:45 existing blob: sha256:926a4bf2fa35d5f6725bc4b6190da36bd931dc669135671a694c4189032f1b6e
2026/10/01 23:37:45 existing blob: sha256:0cb72186e923b060a5c3136c3449c177993295a2b80a928cb6153d8732cca13f
2026/10/01 23:37:45 existing blob: sha256:85c70af6f90a39476eba657111260c09d16de02858ab46676e8286a94adba582
2026/10/01 23:37:45 existing blob: sha256:dce263b0837e4946a8a0e0bfca9a2fced88953faf6e5737cce9f1e8e9c698b83
2026/10/01 23:37:45 existing blob: sha256:5dbf98043f5489bd7874c8ab989e8f59141ff6a3b579b846e87f59fa51b85ad6
2026/10/01 23:37:45 existing blob: sha256:398a854611f1eb6f08bf0e457070888cdbc3fffbf6d0ddc85897258aee090803
2026/10/01 23:37:45 existing blob: sha256:5c251ef93ba39874dd8c7c9a81dc083dcbb075d18980cda452670effc7a17767
2026/10/01 23:37:45 existing blob: sha256:2dbc48b0a2cd51399fe621c829f67301f5211212af41393783974d7b9015a6a5
2026/10/01 23:37:46 existing blob: sha256:4f21454666439c4fee2c8b56fa0a5a6783c3447e8241731c09ba0f3847d9fa3e
2026/10/01 23:37:46 existing blob: sha256:a98d37f7a61577d2e8125af88ed3a07413d4ba554df574aadbe0d8b30c79a3db
2026/10/01 23:37:46 existing blob: sha256:f7061982f06ee24ce4e3e25c63672385928b1579814bc1b41683c64d59292f2d
2026/10/01 23:37:46 existing blob: sha256:12b85ee7a41d3ddb7b711cbb65a18455e99dd06cf2589f73181ce01b37b52447
2026/10/01 23:37:46 existing blob: sha256:edf1554a17e43a790eb2486121b00b1b51a054892ed1495ac72cdb48bf118a41
2026/10/01 23:37:46 existing blob: sha256:e0b42634d2ab6d588070d428efa638b88a181260d51281f7f9c244346d2eaaa4
2026/10/01 23:37:46 existing blob: sha256:3d11aa1952220fa0a72d306195832ee9c61439dcb08643db866d0e4887920ed2
2026/10/01 23:37:46 existing blob: sha256:33beb6595b1fc7bfea16b611353cd4108db628b57a63d61639043f274abdace5
2026/10/01 23:37:46 existing blob: sha256:e3fe14c7f28f71e61dcb33e672c0defda279850b5c8532711babcbec1c057a15
2026/10/01 23:37:46 existing blob: sha256:125cfe13993876b7a604b9810faf17566d8758e0e3d9ab92f271151421bd3909
2026/10/01 23:37:46 existing blob: sha256:5ed99bcbbd2344a34dcba1d91d32076189cc693e3e9804db4332dbbaa8ccf35c
2026/10/01 23:37:46 existing blob: sha256:5fcd705bfd49e79ea840d4a9f9bc43453962c6b841e5c10b41d2e34bae150a28
2026/10/01 23:37:46 existing blob: sha256:99b4647d911f054817113799b58cd42f5310e42c28c01ecf73307219db5c4c60
2026/10/01 23:37:46 existing blob: sha256:35d4500b86aef67ac3551e2f6badb3310edde5c9bb3a53043331d83118a05a88
2026/10/01 23:37:46 existing blob: sha256:6d50681abdf7f8b9917e3ba74c839fe4333c5b9b905f87e07775fad8a0f9c320
2026/10/01 23:37:46 existing blob: sha256:b2d0765e33988b17e424ed813eeb04865f235b0d8cc3abb5d9b185db008eb21e
2026/10/01 23:37:46 existing blob: sha256:fb92f7c82614d79abe8cb2f623df6cfabbdcae48354ba8f2bdfa75cba2adfdcf
2026/10/01 23:37:46 existing blob: sha256:5c284e066079e527fa8d621da65c1e25fbccb05647cfe127f08bfd78f7af244d
2026/10/01 23:37:48 pushed blob: sha256:0ef61d8abbd32828878d1ef8d750f5553bb88f5acea118885f25a7ce4cd746b1
2026/10/01 23:37:52 pushed blob: sha256:ab56e8420db74dcb877fa651be0b1e707ae2ccd10bd6e7774c2926898420c3fa
2026/10/01 23:37:52 ghcr.io/michaellchung/yeto-miles-ports:1023269-4e4148f: digest: sha256:eb602f36762c300daca5516b42078bf35073442e210ac46148769cb9a83dbee0 size: 18043
2026/10/01 23:37:54 existing blob: sha256:689b91d88a0f4086057ec826027b128902ecf2b516be510371c115bc55da19a6
2026/10/01 23:37:54 existing blob: sha256:5e25946ba40dcbc2410bf1852d135a46cb31cc7f89c05b9ef1ab12a6ef988aeb
2026/10/01 23:37:54 existing blob: sha256:95e35692d3cc347d712fd236fd2af3b1c697783518182b1ae716722f694ed616
2026/10/01 23:37:55 existing blob: sha256:f0af354daeda18f18684b23520969ef6bb3de82bb267936f867b12769be9125d
2026/10/01 23:37:55 existing blob: sha256:ccf9c70a85fc6158d617c85f3f719f669efb00c28fd45fa292575d351435bd2f
2026/10/01 23:37:55 existing blob: sha256:730c8029606bf4b4533d7a7159458cf5e3f348ea956ccfb10ce5da3e20adac8f
2026/10/01 23:37:55 existing blob: sha256:4f4fb700ef54461cfa02571ae0db9a0dc1e0cdb5577484a6d75e68dc38e8acc1
2026/10/01 23:37:55 existing blob: sha256:a30da298bda6986d68697bc361b9204f189616a3b7cc748c91846ecddbb873aa
2026/10/01 23:37:55 existing blob: sha256:21e0ed254c8bac8e7e21e80b250a5dc4a92211bbc2f658f9f81ef93c7c623f03
2026/10/01 23:37:55 existing blob: sha256:cb3db0ad5ae089b6ae0c5b39b73e73cac40a558df052e602f8b0f24972b003b4
2026/10/01 23:37:55 existing blob: sha256:8bd080c2e4b22c71c5058be60551a2735c1bead7341fe005313ca704578d9fa5
2026/10/01 23:37:55 existing blob: sha256:b533a7368b7da8141f98b9a2442f84b5aa5d32f2d286c2611a32f725361f84b6
2026/10/01 23:37:55 existing blob: sha256:400821fd86ee1a17c460a7addf3892121cfb660a274b37e6a23cf36e7eaa931c
2026/10/01 23:37:55 existing blob: sha256:cc689184d8c0977f56d2da63b3a3d225dc9c7fadb9375338768cf4909b016b32
2026/10/01 23:37:55 existing blob: sha256:2aed42a8a48dc6c035fd5ec92f34c73741c0211cf077bc7d65871ec29eadb166
2026/10/01 23:37:55 existing blob: sha256:935d31342cd5e25cdc31391d2404014cbcdba670e683ef5b1011d7e6ebb091b7
2026/10/01 23:37:55 existing blob: sha256:f41328bd705d089cfa52bc663154af33220b3637600bb16603ced11d834d8d72
2026/10/01 23:37:55 existing blob: sha256:adebc1576f3c07100011ce7679aef5e7bb1e4aaca050e6d8e729273d22a2442a
2026/10/01 23:37:55 existing blob: sha256:039b64830ed6081885457df32a1b0ace925ebcf4b7039f4fe3eb83c34ef7e3c5
2026/10/01 23:37:55 existing blob: sha256:7b999ece6ae5ebe700943dc744101515bf55b84f861550dc081b1b2182e44f9b
2026/10/01 23:37:55 existing blob: sha256:111d246da71d080c5b1492dea5abaf7875da5e415b075c60a01248dd916ed134
2026/10/01 23:37:55 existing blob: sha256:185fedfb07e0d9d5a20c4690bbbd894061d39be9ce1da8ab9c73ab72c23c18ca
2026/10/01 23:37:55 existing blob: sha256:b038a66f4cbe425ebcc436214e786423bbce22562531bb2a736808c0b3cbb793
2026/10/01 23:37:56 existing blob: sha256:ab71f57d09b9edcf08f886ec62f5e47f06e9b3aa3bc2dc57ef8da5b2ecc5c62e
2026/10/01 23:37:56 existing blob: sha256:16f3784b5dc551dcb9fefc56fa0a2bb6bfc03ced8c23485d814bb2f3e27bbe1d
2026/10/01 23:37:56 existing blob: sha256:93df5e781e6741d2b3df3c60569584848d4a3c23d0315bdb6365a674b9d805ea
2026/10/01 23:37:56 existing blob: sha256:d6a95fc732325c983e8949823b25e31e13d60cc5928256cbc4390c9ac9166976
2026/10/01 23:37:56 existing blob: sha256:0dd9da690b991f866980c3a1103515b9103919084af485c5448d55fa2648acf2
2026/10/01 23:37:56 existing blob: sha256:524c7ecf6b5e5974b71d799983c9a3f70b3de96f064ae12efeb25a8465c712d9
2026/10/01 23:37:56 existing blob: sha256:3ce18898973d54b3446b44c68d1a0ac0208e65ad6f3b03f6ccbd84f4de86fd3a
2026/10/01 23:37:56 existing blob: sha256:a015a69d27f92404809c11202489befc741cd885c2fd3dbaf20f951c0064fae3
2026/10/01 23:37:56 existing blob: sha256:571b0dcaab4683188818a5c7cb01a3d1cc58c585fdb2fb9a5fb7b72e8c8ebbd8
2026/10/01 23:37:56 existing blob: sha256:5d2270e09c8e6e35301b6518bb73bb349c1308c4bdb657d935591c13378937b2
2026/10/01 23:37:56 existing blob: sha256:f6d6bb60bc470b4fcec4760006b6068ee544e252125128d79ed8079c1768d54c
2026/10/01 23:37:56 existing blob: sha256:4fbbc13a3901a7d1fb4fda8893a4b31e31ac456a29d4f2a89524b6aca945e021
2026/10/01 23:37:56 existing blob: sha256:2c21269a480081b27fb884e299cae37bc8a70ad89559995c0d0f3e71a70d1ade
2026/10/01 23:37:56 existing blob: sha256:2dddf78177fa94da9ef5c4b961e5c5ee26469b6f2560fb5b9f6a6895ca4f5b29
2026/10/01 23:37:56 existing blob: sha256:17539d0fc58fc0c094ac385f293382f535fb10cc034f870b6dc69dacce3b1219
2026/10/01 23:37:56 existing blob: sha256:ae89691758eb03d7df662008958a1cf469dfefce52bfdb6c7244ad4d4f9b5234
2026/10/01 23:37:56 existing blob: sha256:9d3348c3291af4aff971863441dc70fa73b2086c3b605cbaf9a6a66d9d50ecd9
2026/10/01 23:37:56 existing blob: sha256:0fa0309c9da6828dbb7f5f61f5af7bd1956e3a7187a2067db446661a125cfecc
2026/10/01 23:37:56 existing blob: sha256:50fa8cf4ca6cee52a76a126bb7165c85633262b1ccfe8a62fa37e0b0d3441d8d
2026/10/01 23:37:56 existing blob: sha256:458cae297e48dbeb3a7fa35e1b06400367ea7775addf2c41a6a6d274b2043aec
2026/10/01 23:37:56 existing blob: sha256:1d3315eca3585600f5cac02d98a42e9bc1700c50177872e8c7366c900419e2fd
2026/10/01 23:37:56 existing blob: sha256:b19774865a264f9904cd851cdfb6be53224835e6160b1b86a44a8e2f2fcbc41b
2026/10/01 23:37:57 existing blob: sha256:dfcbe8037935d3caa70d5bc1c6543889e7c239efc6d93502628e8ce343bab848
2026/10/01 23:37:57 existing blob: sha256:c934f3da45276918c786eb78af1e2caaa057baea3bf263b0cc0d60c4dabad1e0
2026/10/01 23:37:57 existing blob: sha256:f87452529f110adba22becde5b51b0249d8fab83f4711df22d6e8235de4370b2
2026/10/01 23:37:57 existing blob: sha256:6a4a731887c488fa905d7044b28e535d37c989f4771ca77bd038a2581430a04b
2026/10/01 23:37:57 existing blob: sha256:5b6836e30e3123a3472d3ee1a3d81a37fbdf95bd16ba5c5d37abcdbd25279b5e
2026/10/01 23:37:57 existing blob: sha256:dc997b53f184856166f069251484bba8282ae5ffc30478018e344a038309e58a
2026/10/01 23:37:57 existing blob: sha256:c682787e7a64d7e4999e2cd4dad71603c68c83d30814cbee798cf076e8e1f5cd
2026/10/01 23:37:57 existing blob: sha256:4860e32aea2ccdc0e56a4f69e44d1f2586649744f123483397c152f489a9928e
2026/10/01 23:37:57 existing blob: sha256:aef12d0a0b03d12a4a89f1349888d58f09ac3dc6477226d7b0aca632d0930b6d
2026/10/01 23:37:57 existing blob: sha256:1fb6fb6ba67fbbb7c6e1f0131d43861cb771bb0ea4f810599de0ed6b1af80c80
2026/10/01 23:37:57 existing blob: sha256:cf5507595d1fc9246e6b6d8939d74f240eaea8cee9f27e0f9f83f712fe3b0331
2026/10/01 23:37:57 existing blob: sha256:f74d88777f1977ba978fbf4930e1f9b02f019bf503fa82e906a09f200efea900
2026/10/01 23:37:57 existing blob: sha256:ba037d68d26fe937411e1fef0006ad4ddfa29ab2616032ea654300891acd5d88
2026/10/01 23:37:57 existing blob: sha256:28253f25dbebd4e04701fd73b7a752533da8bab6b3a0d9ff148d73955dd49b32
2026/10/01 23:37:57 existing blob: sha256:2069d7acc4e0f4a4b8d1bea5e36bb29fb6cbda2b841ba44b08b7cb535fb2f809
2026/10/01 23:37:57 existing blob: sha256:d8c06617985ef70b653cb8833a55f8d4c7b5f02d71c42eaa5c5b3fcfe6fc60e4
2026/10/01 23:37:57 existing blob: sha256:30451c158d3a9683b8c3f34da325f7ee922dd7c3a7d32ca74beba6e725eee756
2026/10/01 23:37:57 existing blob: sha256:82e5a6fdac1dd0ef3124ad06b75c04ba42c880ba2f1a80097a82352a93eaf75b
2026/10/01 23:37:57 existing blob: sha256:3ccb4a6f5b982fde32631b052baeb331bc93e973112ee7fc9da86eb32b41133e
2026/10/01 23:37:57 existing blob: sha256:ade5cd857924ea76f0e0d6c6f1a27232f5acbc81ebc221b7ac87f0e6ece9ac96
2026/10/01 23:37:57 existing blob: sha256:76c8a9bda291a12494dd51693b06950be12236393cb9f85128a584f791d2e752
2026/10/01 23:37:58 existing blob: sha256:0c596e75f361497ee6782b600ce812f433d63b47deb35112f211d04946c2cc8e
2026/10/01 23:37:58 existing blob: sha256:0bf0306603ee7aa3459e3e1a93bd12c2c6ad6daa1c9999b5b3f3903a5d9c2c13
2026/10/01 23:37:58 existing blob: sha256:1956b1f7e96042f8f5c4c65627356a4a180685de4c35ddc782e265c432a3b4a6
2026/10/01 23:37:58 existing blob: sha256:015569105da170f02dc3fd4686dd69ee8f78a0883edbc28f79407dbaa3311d0c
2026/10/01 23:37:58 existing blob: sha256:1ac8b9672b05463e12056e931764b9d8f62cca1550a442595c779ce67f7315d5
2026/10/01 23:37:58 existing blob: sha256:33bb35167603ea643e5b3ed74ca6f8c5540222bdaec5c6819e16e5c8ee9aa29f
2026/10/01 23:37:58 existing blob: sha256:a994098da9f35ddbfe73c157477187f90b5fddf25201ce16000f756f85c3972f
2026/10/01 23:37:58 existing blob: sha256:20dd0957811ed19749cf3eb17fd7ca50ad88f42c405bf3b09c0ffb69fac5dc7e
2026/10/01 23:37:58 existing blob: sha256:e063fe2a605017bc30f9a5c6b53ea5f33fb9add21d1fe7825f7d11368fe18372
2026/10/01 23:37:58 existing blob: sha256:709a16a86fa3d86ee4cb2e0c5e30529a9dc2197093b1d0582441622ee8821c8d
2026/10/01 23:37:58 existing blob: sha256:45ff40583cfa511bc676e86772a47f523bc10172ff549d6f12a25f69978d7d56
2026/10/01 23:37:58 existing blob: sha256:88b77a2db14693fc2dbaea183f7c65865a26d41a1e24800ae3f5f3af607a568c
2026/10/01 23:37:58 existing blob: sha256:926a4bf2fa35d5f6725bc4b6190da36bd931dc669135671a694c4189032f1b6e
2026/10/01 23:37:58 existing blob: sha256:85c70af6f90a39476eba657111260c09d16de02858ab46676e8286a94adba582
2026/10/01 23:37:58 existing blob: sha256:0cb72186e923b060a5c3136c3449c177993295a2b80a928cb6153d8732cca13f
2026/10/01 23:37:58 existing blob: sha256:dce263b0837e4946a8a0e0bfca9a2fced88953faf6e5737cce9f1e8e9c698b83
2026/10/01 23:37:58 existing blob: sha256:5dbf98043f5489bd7874c8ab989e8f59141ff6a3b579b846e87f59fa51b85ad6
2026/10/01 23:37:58 existing blob: sha256:5c251ef93ba39874dd8c7c9a81dc083dcbb075d18980cda452670effc7a17767
2026/10/01 23:37:58 existing blob: sha256:2dbc48b0a2cd51399fe621c829f67301f5211212af41393783974d7b9015a6a5
2026/10/01 23:37:58 existing blob: sha256:4f21454666439c4fee2c8b56fa0a5a6783c3447e8241731c09ba0f3847d9fa3e
2026/10/01 23:37:58 existing blob: sha256:a98d37f7a61577d2e8125af88ed3a07413d4ba554df574aadbe0d8b30c79a3db
2026/10/01 23:37:59 existing blob: sha256:f7061982f06ee24ce4e3e25c63672385928b1579814bc1b41683c64d59292f2d
2026/10/01 23:37:59 existing blob: sha256:12b85ee7a41d3ddb7b711cbb65a18455e99dd06cf2589f73181ce01b37b52447
2026/10/01 23:37:59 existing blob: sha256:edf1554a17e43a790eb2486121b00b1b51a054892ed1495ac72cdb48bf118a41
2026/10/01 23:37:59 existing blob: sha256:3d11aa1952220fa0a72d306195832ee9c61439dcb08643db866d0e4887920ed2
2026/10/01 23:37:59 existing blob: sha256:e0b42634d2ab6d588070d428efa638b88a181260d51281f7f9c244346d2eaaa4
2026/10/01 23:37:59 existing blob: sha256:33beb6595b1fc7bfea16b611353cd4108db628b57a63d61639043f274abdace5
2026/10/01 23:37:59 existing blob: sha256:125cfe13993876b7a604b9810faf17566d8758e0e3d9ab92f271151421bd3909
2026/10/01 23:37:59 existing blob: sha256:5fcd705bfd49e79ea840d4a9f9bc43453962c6b841e5c10b41d2e34bae150a28
2026/10/01 23:37:59 existing blob: sha256:e3fe14c7f28f71e61dcb33e672c0defda279850b5c8532711babcbec1c057a15
2026/10/01 23:37:59 existing blob: sha256:398a854611f1eb6f08bf0e457070888cdbc3fffbf6d0ddc85897258aee090803
2026/10/01 23:37:59 existing blob: sha256:5ed99bcbbd2344a34dcba1d91d32076189cc693e3e9804db4332dbbaa8ccf35c
2026/10/01 23:37:59 existing blob: sha256:99b4647d911f054817113799b58cd42f5310e42c28c01ecf73307219db5c4c60
2026/10/01 23:37:59 existing blob: sha256:35d4500b86aef67ac3551e2f6badb3310edde5c9bb3a53043331d83118a05a88
2026/10/01 23:37:59 existing blob: sha256:6d50681abdf7f8b9917e3ba74c839fe4333c5b9b905f87e07775fad8a0f9c320
2026/10/01 23:37:59 existing blob: sha256:fb92f7c82614d79abe8cb2f623df6cfabbdcae48354ba8f2bdfa75cba2adfdcf
2026/10/01 23:37:59 existing blob: sha256:b2d0765e33988b17e424ed813eeb04865f235b0d8cc3abb5d9b185db008eb21e
2026/10/01 23:37:59 existing blob: sha256:5c284e066079e527fa8d621da65c1e25fbccb05647cfe127f08bfd78f7af244d
2026/10/01 23:38:00 existing blob: sha256:ab56e8420db74dcb877fa651be0b1e707ae2ccd10bd6e7774c2926898420c3fa
2026/10/01 23:38:01 pushed blob: sha256:654d44307cca1d1d1c48ea7c8e3ef4187ece85d25caeba4befe3d1f93b845464
2026/10/01 23:38:01 ghcr.io/michaellchung/yeto-miles-ports:1023269-4e4148f: digest: sha256:7b63dd730adefea6dfd7e633a3063b5feb97d2e9c0db7a9997df1d05982100d1 size: 18043
pushed ghcr.io/michaellchung/yeto-miles-ports:1023269-4e4148f@sha256:7b63dd730adefea6dfd7e633a3063b5feb97d2e9c0db7a9997df1d05982100d1
out=/tmp/img-m3a27/build
