2026-09-29T06:35:12.662522Z  INFO yeto_syncer::server: syncer listening port=26272 semantic_profile_sha256="9812a9142295593e466c67e1caf8dd5af6a86a96e439a4c296e1f05e1bb902ae" require_profile_binding=false
2026-09-29T06:35:12.662628Z  INFO yeto_syncer::server: waiting for learners and INIT_PARAMS expected=2
2026-09-29T06:35:12.749700Z  WARN yeto_syncer::server: connection ended: unexpected end of file peer=127.0.0.1:41255
2026-09-29T06:38:00.875662Z  INFO yeto_syncer::server: learner connected (layout: 8 fragments) learner_id=0 generation=9398200037778632645 num_streams=4
2026-09-29T06:38:00.875741Z  INFO yeto_syncer::server: initialized global state iso_backend=scalar
2026-09-29T06:38:01.092827Z  INFO yeto_syncer::server: learner connected (layout: 8 fragments) learner_id=1 generation=13974713960119642972 num_streams=4
2026-09-29T06:38:01.174268Z  INFO yeto_syncer::server: global parameters initialized
2026-09-29T06:38:01.604300Z  INFO yeto_syncer::server: checkpoint committed step=0 path=/work/out/ports-s20/work/seed-20/yeto-decoupled-m2/state.ckpt
2026-09-29T06:41:18.494415Z  INFO yeto_syncer::server: checkpoint committed step=1 path=/work/out/ports-s20/work/seed-20/yeto-decoupled-m2/state.ckpt
2026-09-29T06:41:18.506988Z  INFO yeto_syncer::server: outer step step=1 fragment=0 responders=[Member { learner_id: 0, generation: 9398200037778632645 }, Member { learner_id: 1, generation: 13974713960119642972 }] gnorm="0.1188" ms=196816
2026-09-29T06:41:18.808974Z  INFO yeto_syncer::server: checkpoint committed step=2 path=/work/out/ports-s20/work/seed-20/yeto-decoupled-m2/state.ckpt
2026-09-29T06:41:18.830116Z  INFO yeto_syncer::server: outer step step=2 fragment=1 responders=[Member { learner_id: 0, generation: 9398200037778632645 }, Member { learner_id: 1, generation: 13974713960119642972 }] gnorm="0.1316" ms=197139
2026-09-29T06:41:36.209146Z  INFO yeto_syncer::server: checkpoint committed step=3 path=/work/out/ports-s20/work/seed-20/yeto-decoupled-m2/state.ckpt
2026-09-29T06:41:36.225892Z  INFO yeto_syncer::server: outer step step=3 fragment=2 responders=[Member { learner_id: 0, generation: 9398200037778632645 }, Member { learner_id: 1, generation: 13974713960119642972 }] gnorm="0.1316" ms=17718
2026-09-29T06:41:36.499202Z  INFO yeto_syncer::server: checkpoint committed step=4 path=/work/out/ports-s20/work/seed-20/yeto-decoupled-m2/state.ckpt
2026-09-29T06:41:36.508717Z  INFO yeto_syncer::server: outer step step=4 fragment=3 responders=[Member { learner_id: 0, generation: 9398200037778632645 }, Member { learner_id: 1, generation: 13974713960119642972 }] gnorm="0.1408" ms=17677
2026-09-29T06:41:56.811307Z  INFO yeto_syncer::server: checkpoint committed step=5 path=/work/out/ports-s20/work/seed-20/yeto-decoupled-m2/state.ckpt
2026-09-29T06:41:56.823155Z  INFO yeto_syncer::server: outer step step=5 fragment=4 responders=[Member { learner_id: 0, generation: 9398200037778632645 }, Member { learner_id: 1, generation: 13974713960119642972 }] gnorm="0.1347" ms=20597
2026-09-29T06:41:57.099188Z  INFO yeto_syncer::server: checkpoint committed step=6 path=/work/out/ports-s20/work/seed-20/yeto-decoupled-m2/state.ckpt
2026-09-29T06:41:57.121059Z  INFO yeto_syncer::server: outer step step=6 fragment=5 responders=[Member { learner_id: 0, generation: 9398200037778632645 }, Member { learner_id: 1, generation: 13974713960119642972 }] gnorm="0.1508" ms=11760
2026-09-29T06:42:15.681331Z  INFO yeto_syncer::server: checkpoint committed step=7 path=/work/out/ports-s20/work/seed-20/yeto-decoupled-m2/state.ckpt
2026-09-29T06:42:15.696179Z  INFO yeto_syncer::server: outer step step=7 fragment=6 responders=[Member { learner_id: 0, generation: 9398200037778632645 }, Member { learner_id: 1, generation: 13974713960119642972 }] gnorm="0.1353" ms=18872
2026-09-29T06:42:15.946478Z  INFO yeto_syncer::server: checkpoint committed step=8 path=/work/out/ports-s20/work/seed-20/yeto-decoupled-m2/state.ckpt
2026-09-29T06:42:15.954951Z  INFO yeto_syncer::server: outer step step=8 fragment=7 responders=[Member { learner_id: 0, generation: 9398200037778632645 }, Member { learner_id: 1, generation: 13974713960119642972 }] gnorm="0.1546" ms=9709
2026-09-29T06:42:35.925007Z  INFO yeto_syncer::server: learner-budget cutoff checkpoint written step=8 path=/work/out/ports-s20/work/seed-20/yeto-decoupled-m2/state.ckpt
2026-09-29T06:42:35.925081Z  INFO yeto_syncer::server: learner-budget cutoff established cancelled_inflight=2 cancelled_computing=0 cancelled_ready=0 target_steps=8 step=8
2026-09-29T06:42:36.917953Z  INFO yeto_syncer::server: syncer listening port=26272 semantic_profile_sha256="65f22e935c1c3ecdbf0ba8fd545971218fd23dbc28da021cf92f83ba22b4f26d" require_profile_binding=false
2026-09-29T06:42:36.918017Z  INFO yeto_syncer::server: waiting for learners and INIT_PARAMS expected=2
2026-09-29T06:42:36.933654Z  INFO yeto_syncer::server: learner connected (layout: 8 fragments) learner_id=1 generation=2900888179015341460 num_streams=4
2026-09-29T06:42:36.933704Z  INFO yeto_syncer::server: initialized global state iso_backend=scalar
2026-09-29T06:42:36.933794Z  INFO yeto_syncer::server: learner connected (layout: 8 fragments) learner_id=0 generation=9521175630259981693 num_streams=4
2026-09-29T06:42:37.003460Z  INFO yeto_syncer::server: resumed from checkpoint step=8
2026-09-29T06:42:37.007541Z  WARN yeto_syncer::server: connection ended: unexpected end of file peer=127.0.0.1:19744
2026-09-29T06:42:37.425092Z  INFO yeto_syncer::server: checkpoint committed step=9 path=/work/out/ports-s20/work/seed-20/yeto-decoupled-m2/state.ckpt
2026-09-29T06:42:37.447010Z  INFO yeto_syncer::server: outer step step=9 fragment=0 responders=[Member { learner_id: 0, generation: 9521175630259981693 }, Member { learner_id: 1, generation: 2900888179015341460 }] gnorm="0.0234" ms=369
2026-09-29T06:42:37.734011Z  INFO yeto_syncer::server: checkpoint committed step=10 path=/work/out/ports-s20/work/seed-20/yeto-decoupled-m2/state.ckpt
2026-09-29T06:42:37.751070Z  INFO yeto_syncer::server: outer step step=10 fragment=1 responders=[Member { learner_id: 0, generation: 9521175630259981693 }, Member { learner_id: 1, generation: 2900888179015341460 }] gnorm="0.0234" ms=303
2026-09-29T06:42:38.090098Z  INFO yeto_syncer::server: checkpoint committed step=11 path=/work/out/ports-s20/work/seed-20/yeto-decoupled-m2/state.ckpt
2026-09-29T06:42:38.098639Z  INFO yeto_syncer::server: outer step step=11 fragment=2 responders=[Member { learner_id: 0, generation: 9521175630259981693 }, Member { learner_id: 1, generation: 2900888179015341460 }] gnorm="0.0116" ms=346
2026-09-29T06:42:38.412507Z  INFO yeto_syncer::server: checkpoint committed step=12 path=/work/out/ports-s20/work/seed-20/yeto-decoupled-m2/state.ckpt
2026-09-29T06:42:38.431053Z  INFO yeto_syncer::server: outer step step=12 fragment=3 responders=[Member { learner_id: 0, generation: 9521175630259981693 }, Member { learner_id: 1, generation: 2900888179015341460 }] gnorm="0.0116" ms=321
2026-09-29T06:42:38.762063Z  INFO yeto_syncer::server: checkpoint committed step=13 path=/work/out/ports-s20/work/seed-20/yeto-decoupled-m2/state.ckpt
2026-09-29T06:42:38.781551Z  INFO yeto_syncer::server: outer step step=13 fragment=4 responders=[Member { learner_id: 0, generation: 9521175630259981693 }, Member { learner_id: 1, generation: 2900888179015341460 }] gnorm="0.0038" ms=349
2026-09-29T06:42:39.118381Z  INFO yeto_syncer::server: checkpoint committed step=14 path=/work/out/ports-s20/work/seed-20/yeto-decoupled-m2/state.ckpt
2026-09-29T06:42:39.136280Z  INFO yeto_syncer::server: outer step step=14 fragment=5 responders=[Member { learner_id: 0, generation: 9521175630259981693 }, Member { learner_id: 1, generation: 2900888179015341460 }] gnorm="0.0038" ms=354
2026-09-29T06:42:39.460063Z  INFO yeto_syncer::server: checkpoint committed step=15 path=/work/out/ports-s20/work/seed-20/yeto-decoupled-m2/state.ckpt
2026-09-29T06:42:39.479375Z  INFO yeto_syncer::server: outer step step=15 fragment=6 responders=[Member { learner_id: 0, generation: 9521175630259981693 }, Member { learner_id: 1, generation: 2900888179015341460 }] gnorm="0.0432" ms=342
2026-09-29T06:42:39.810032Z  INFO yeto_syncer::server: checkpoint committed step=16 path=/work/out/ports-s20/work/seed-20/yeto-decoupled-m2/state.ckpt
2026-09-29T06:42:39.824209Z  INFO yeto_syncer::server: outer step step=16 fragment=7 responders=[Member { learner_id: 0, generation: 9521175630259981693 }, Member { learner_id: 1, generation: 2900888179015341460 }] gnorm="0.0496" ms=344
2026-09-29T06:42:40.787591Z  INFO yeto_syncer::server: learner finalized authoritative parameters learner_id=0 generation=9521175630259981693 step=16 remaining=1
2026-09-29T06:42:40.917678Z  INFO yeto_syncer::server: learner finalized authoritative parameters learner_id=1 generation=2900888179015341460 step=16 remaining=0
2026-09-29T06:42:40.917786Z  INFO yeto_syncer::server: all learners acknowledged final cut learners=2
2026-09-29T06:42:40.917816Z  INFO yeto_syncer::server: training complete after 16 outer steps
2026-09-29T06:42:41.780955Z  WARN yeto_syncer::server: connection ended: unexpected end of file peer=127.0.0.1:36615
2026-09-29T06:42:41.781498Z  WARN yeto_syncer::server: connection ended: unexpected end of file peer=127.0.0.1:52987
2026-09-29T06:42:41.781707Z  WARN yeto_syncer::server: connection ended: unexpected end of file peer=127.0.0.1:43958
2026-09-29T06:42:41.781773Z  WARN yeto_syncer::server: connection ended: unexpected end of file peer=127.0.0.1:34566
2026-09-29T06:42:41.781889Z  WARN yeto_syncer::server: connection ended: unexpected end of file peer=127.0.0.1:65228
2026-09-29T06:42:42.254383Z  WARN yeto_syncer::server: connection ended: unexpected end of file peer=127.0.0.1:50309
2026-09-29T06:42:42.255076Z  WARN yeto_syncer::server: connection ended: unexpected end of file peer=127.0.0.1:27637
2026-09-29T06:42:42.255225Z  WARN yeto_syncer::server: connection ended: unexpected end of file peer=127.0.0.1:43182
2026-09-29T06:42:42.255326Z  WARN yeto_syncer::server: connection ended: unexpected end of file peer=127.0.0.1:47462
2026-09-29T06:42:42.255588Z  WARN yeto_syncer::server: connection ended: unexpected end of file peer=127.0.0.1:20856
