SANDBOX sb-19VMbFwFBWDkDbQKMCyrsA
bash: line 1: nvidia-smi: command not found
Traceback (most recent call last):
  File "<string>", line 1, in <module>
  File "/root/Megatron-LM/megatron/training/__init__.py", line 5, in <module>
    from .global_vars import get_args
  File "/root/Megatron-LM/megatron/training/global_vars.py", line 12, in <module>
    from megatron.core import Timers
  File "/root/Megatron-LM/megatron/core/__init__.py", line 5, in <module>
    import megatron.core.tensor_parallel
  File "/root/Megatron-LM/megatron/core/tensor_parallel/__init__.py", line 2, in <module>
    from .cross_entropy import vocab_parallel_cross_entropy
  File "/root/Megatron-LM/megatron/core/tensor_parallel/cross_entropy.py", line 7, in <module>
    from megatron.core.parallel_state import get_tensor_model_parallel_group
  File "/root/Megatron-LM/megatron/core/parallel_state.py", line 17, in <module>
    from .utils import GlobalMemoryBuffer, is_torch_min_version
  File "/root/Megatron-LM/megatron/core/utils.py", line 59, in <module>
    import transformer_engine  # pylint: disable=unused-import
    ^^^^^^^^^^^^^^^^^^^^^^^^^
  File "/opt/sglang/lib/python3.12/site-packages/transformer_engine/__init__.py", line 14, in <module>
    import transformer_engine.common
  File "/opt/sglang/lib/python3.12/site-packages/transformer_engine/common/__init__.py", line 382, in <module>
    _TE_LIB_CTYPES = _load_core_library()
                     ^^^^^^^^^^^^^^^^^^^^
  File "/opt/sglang/lib/python3.12/site-packages/transformer_engine/common/__init__.py", line 360, in _load_core_library
    return ctypes.CDLL(_get_shared_object_file("core"), mode=ctypes.RTLD_GLOBAL | os.RTLD_LAZY)
           ^^^^^^^^^^^^^^^^^^^^^^^^^^^^^^^^^^^^^^^^^^^^^^^^^^^^^^^^^^^^^^^^^^^^^^^^^^^^^^^^^^^^
  File "/usr/lib/python3.12/ctypes/__init__.py", line 379, in __init__
    self._handle = _dlopen(self._name, mode)
                   ^^^^^^^^^^^^^^^^^^^^^^^^^
OSError: libcuda.so.1: cannot open shared object file: No such file or directory

EXIT 1
TERMINATED sb-19VMbFwFBWDkDbQKMCyrsA
Traceback (most recent call last):
  File "/home/michael/work/algo-cap/openspec/changes/rl-algorithm-capabilities/evidence/2026-09-29-megatron-parse/modal_run.py", line 37, in <module>
    open(sys.argv[5], "wb").write(sb.filesystem.read_bytes("/work/results.json"))
                                  ^^^^^^^^^^^^^^^^^^^^^^^^^^^^^^^^^^^^^^^^^^^^^^
  File "/tmp/modal-venv/lib/python3.12/site-packages/modal/sandbox_fs.py", line 311, in read_bytes
    raise_read_file_error(returncode, stderr, remote_path)
  File "/tmp/modal-venv/lib/python3.12/site-packages/modal/_utils/sandbox_fs_utils.py", line 163, in raise_read_file_error
    raise SandboxFilesystemNotFoundError(f"{payload.message}: {remote_path}")
modal.exception.SandboxFilesystemNotFoundError: path does not exist: /work/results.json
