2026-09-29T04:37:58.805472Z  INFO yeto_syncer::server: syncer listening port=43291 semantic_profile_sha256="9812a9142295593e466c67e1caf8dd5af6a86a96e439a4c296e1f05e1bb902ae" require_profile_binding=false
2026-09-29T04:37:58.805506Z  INFO yeto_syncer::server: waiting for learners and INIT_PARAMS expected=2
2026-09-29T04:37:58.898674Z  WARN yeto_syncer::server: connection ended: unexpected end of file peer=127.0.0.1:35298
2026-09-29T04:39:21.263570Z  INFO yeto_syncer::server: learner connected (layout: 8 fragments) learner_id=1 generation=13884742630334391832 num_streams=4
2026-09-29T04:39:21.263682Z  INFO yeto_syncer::server: initialized global state iso_backend=scalar
2026-09-29T04:39:24.230000Z  INFO yeto_syncer::server: learner connected (layout: 8 fragments) learner_id=0 generation=12453527336275904004 num_streams=4
2026-09-29T04:39:24.415513Z  INFO yeto_syncer::server: global parameters initialized
2026-09-29T04:39:24.533742Z  INFO yeto_syncer::server: checkpoint committed step=0 path=/work/out/decoupled2/work/seed-17/yeto-decoupled-m2/state.ckpt
2026-09-29T04:42:52.783992Z  INFO yeto_syncer::server: checkpoint committed step=1 path=/work/out/decoupled2/work/seed-17/yeto-decoupled-m2/state.ckpt
2026-09-29T04:42:52.795068Z  INFO yeto_syncer::server: outer step step=1 fragment=0 responders=[Member { learner_id: 0, generation: 12453527336275904004 }, Member { learner_id: 1, generation: 13884742630334391832 }] gnorm="0.1268" ms=208122
2026-09-29T04:42:52.907493Z  INFO yeto_syncer::server: checkpoint committed step=2 path=/work/out/decoupled2/work/seed-17/yeto-decoupled-m2/state.ckpt
2026-09-29T04:42:52.918257Z  INFO yeto_syncer::server: outer step step=2 fragment=1 responders=[Member { learner_id: 0, generation: 12453527336275904004 }, Member { learner_id: 1, generation: 13884742630334391832 }] gnorm="0.1374" ms=208245
2026-09-29T04:43:14.544349Z  INFO yeto_syncer::server: checkpoint committed step=3 path=/work/out/decoupled2/work/seed-17/yeto-decoupled-m2/state.ckpt
2026-09-29T04:43:14.558364Z  INFO yeto_syncer::server: outer step step=3 fragment=2 responders=[Member { learner_id: 0, generation: 12453527336275904004 }, Member { learner_id: 1, generation: 13884742630334391832 }] gnorm="0.1412" ms=21762
2026-09-29T04:43:14.679800Z  INFO yeto_syncer::server: checkpoint committed step=4 path=/work/out/decoupled2/work/seed-17/yeto-decoupled-m2/state.ckpt
2026-09-29T04:43:14.690941Z  INFO yeto_syncer::server: outer step step=4 fragment=3 responders=[Member { learner_id: 0, generation: 12453527336275904004 }, Member { learner_id: 1, generation: 13884742630334391832 }] gnorm="0.1476" ms=21772
2026-09-29T04:43:37.834784Z  INFO yeto_syncer::server: checkpoint committed step=5 path=/work/out/decoupled2/work/seed-17/yeto-decoupled-m2/state.ckpt
2026-09-29T04:43:37.844531Z  INFO yeto_syncer::server: outer step step=5 fragment=4 responders=[Member { learner_id: 0, generation: 12453527336275904004 }, Member { learner_id: 1, generation: 13884742630334391832 }] gnorm="0.1452" ms=23286
2026-09-29T04:43:37.944458Z  INFO yeto_syncer::server: checkpoint committed step=6 path=/work/out/decoupled2/work/seed-17/yeto-decoupled-m2/state.ckpt
2026-09-29T04:43:37.957216Z  INFO yeto_syncer::server: outer step step=6 fragment=5 responders=[Member { learner_id: 0, generation: 12453527336275904004 }, Member { learner_id: 1, generation: 13884742630334391832 }] gnorm="0.1588" ms=12521
2026-09-29T04:43:59.692409Z  INFO yeto_syncer::server: checkpoint committed step=7 path=/work/out/decoupled2/work/seed-17/yeto-decoupled-m2/state.ckpt
2026-09-29T04:43:59.708526Z  INFO yeto_syncer::server: outer step step=7 fragment=6 responders=[Member { learner_id: 0, generation: 12453527336275904004 }, Member { learner_id: 1, generation: 13884742630334391832 }] gnorm="0.1467" ms=21863
2026-09-29T04:43:59.842127Z  INFO yeto_syncer::server: checkpoint committed step=8 path=/work/out/decoupled2/work/seed-17/yeto-decoupled-m2/state.ckpt
2026-09-29T04:43:59.852936Z  INFO yeto_syncer::server: outer step step=8 fragment=7 responders=[Member { learner_id: 0, generation: 12453527336275904004 }, Member { learner_id: 1, generation: 13884742630334391832 }] gnorm="0.1630" ms=10777
2026-09-29T04:44:22.674536Z  INFO yeto_syncer::server: learner-budget cutoff checkpoint written step=8 path=/work/out/decoupled2/work/seed-17/yeto-decoupled-m2/state.ckpt
2026-09-29T04:44:22.674563Z  INFO yeto_syncer::server: learner-budget cutoff established cancelled_inflight=2 cancelled_computing=0 cancelled_ready=0 target_steps=8 step=8
2026-09-29T04:44:22.947846Z  INFO yeto_syncer::server: syncer listening port=43291 semantic_profile_sha256="65f22e935c1c3ecdbf0ba8fd545971218fd23dbc28da021cf92f83ba22b4f26d" require_profile_binding=false
2026-09-29T04:44:22.947880Z  INFO yeto_syncer::server: waiting for learners and INIT_PARAMS expected=2
2026-09-29T04:44:23.040843Z  WARN yeto_syncer::server: connection ended: unexpected end of file peer=127.0.0.1:57520
2026-09-29T04:44:23.680448Z  INFO yeto_syncer::server: learner connected (layout: 8 fragments) learner_id=0 generation=6435831862693901820 num_streams=4
2026-09-29T04:44:23.680538Z  INFO yeto_syncer::server: learner connected (layout: 8 fragments) learner_id=1 generation=6322379747155120037 num_streams=4
2026-09-29T04:44:23.680633Z  INFO yeto_syncer::server: initialized global state iso_backend=scalar
2026-09-29T04:44:23.776348Z  INFO yeto_syncer::server: resumed from checkpoint step=8
2026-09-29T04:44:24.028187Z  INFO yeto_syncer::server: checkpoint committed step=9 path=/work/out/decoupled2/work/seed-17/yeto-decoupled-m2/state.ckpt
2026-09-29T04:44:24.039894Z  INFO yeto_syncer::server: outer step step=9 fragment=0 responders=[Member { learner_id: 0, generation: 6435831862693901820 }, Member { learner_id: 1, generation: 6322379747155120037 }] gnorm="0.0229" ms=176
2026-09-29T04:44:24.175155Z  INFO yeto_syncer::server: checkpoint committed step=10 path=/work/out/decoupled2/work/seed-17/yeto-decoupled-m2/state.ckpt
2026-09-29T04:44:24.186383Z  INFO yeto_syncer::server: outer step step=10 fragment=1 responders=[Member { learner_id: 0, generation: 6435831862693901820 }, Member { learner_id: 1, generation: 6322379747155120037 }] gnorm="0.0225" ms=145
2026-09-29T04:44:24.577722Z  INFO yeto_syncer::server: checkpoint committed step=11 path=/work/out/decoupled2/work/seed-17/yeto-decoupled-m2/state.ckpt
2026-09-29T04:44:24.586945Z  INFO yeto_syncer::server: outer step step=11 fragment=2 responders=[Member { learner_id: 0, generation: 6435831862693901820 }, Member { learner_id: 1, generation: 6322379747155120037 }] gnorm="0.0111" ms=400
2026-09-29T04:44:25.109381Z  INFO yeto_syncer::server: checkpoint committed step=12 path=/work/out/decoupled2/work/seed-17/yeto-decoupled-m2/state.ckpt
2026-09-29T04:44:25.118705Z  INFO yeto_syncer::server: outer step step=12 fragment=3 responders=[Member { learner_id: 0, generation: 6435831862693901820 }, Member { learner_id: 1, generation: 6322379747155120037 }] gnorm="0.0111" ms=530
2026-09-29T04:44:25.658918Z  INFO yeto_syncer::server: checkpoint committed step=13 path=/work/out/decoupled2/work/seed-17/yeto-decoupled-m2/state.ckpt
2026-09-29T04:44:25.668084Z  INFO yeto_syncer::server: outer step step=13 fragment=4 responders=[Member { learner_id: 0, generation: 6435831862693901820 }, Member { learner_id: 1, generation: 6322379747155120037 }] gnorm="0.0037" ms=547
2026-09-29T04:44:26.182718Z  INFO yeto_syncer::server: checkpoint committed step=14 path=/work/out/decoupled2/work/seed-17/yeto-decoupled-m2/state.ckpt
2026-09-29T04:44:26.191982Z  INFO yeto_syncer::server: outer step step=14 fragment=5 responders=[Member { learner_id: 0, generation: 6435831862693901820 }, Member { learner_id: 1, generation: 6322379747155120037 }] gnorm="0.0036" ms=522
2026-09-29T04:44:26.707044Z  INFO yeto_syncer::server: checkpoint committed step=15 path=/work/out/decoupled2/work/seed-17/yeto-decoupled-m2/state.ckpt
2026-09-29T04:44:26.716273Z  INFO yeto_syncer::server: outer step step=15 fragment=6 responders=[Member { learner_id: 0, generation: 6435831862693901820 }, Member { learner_id: 1, generation: 6322379747155120037 }] gnorm="0.0469" ms=522
2026-09-29T04:44:27.236800Z  INFO yeto_syncer::server: checkpoint committed step=16 path=/work/out/decoupled2/work/seed-17/yeto-decoupled-m2/state.ckpt
2026-09-29T04:44:27.236844Z  INFO yeto_syncer::server: outer step step=16 fragment=7 responders=[Member { learner_id: 0, generation: 6435831862693901820 }, Member { learner_id: 1, generation: 6322379747155120037 }] gnorm="0.0521" ms=520
2026-09-29T04:44:28.489422Z  INFO yeto_syncer::server: learner finalized authoritative parameters learner_id=0 generation=6435831862693901820 step=16 remaining=1
2026-09-29T04:44:29.027919Z  INFO yeto_syncer::server: learner finalized authoritative parameters learner_id=1 generation=6322379747155120037 step=16 remaining=0
2026-09-29T04:44:29.027960Z  INFO yeto_syncer::server: all learners acknowledged final cut learners=2
2026-09-29T04:44:29.027963Z  INFO yeto_syncer::server: training complete after 16 outer steps
2026-09-29T04:44:29.740475Z  WARN yeto_syncer::server: connection ended: unexpected end of file peer=127.0.0.1:57522
2026-09-29T04:44:29.740762Z  WARN yeto_syncer::server: connection ended: unexpected end of file peer=127.0.0.1:57536
2026-09-29T04:44:29.740915Z  WARN yeto_syncer::server: connection ended: unexpected end of file peer=127.0.0.1:57546
2026-09-29T04:44:29.740994Z  WARN yeto_syncer::server: connection ended: unexpected end of file peer=127.0.0.1:57570
2026-09-29T04:44:29.741014Z  WARN yeto_syncer::server: connection ended: unexpected end of file peer=127.0.0.1:57574
2026-09-29T04:44:30.169476Z  WARN yeto_syncer::server: connection ended: unexpected end of file peer=127.0.0.1:57528
2026-09-29T04:44:30.169764Z  WARN yeto_syncer::server: connection ended: unexpected end of file peer=127.0.0.1:57554
2026-09-29T04:44:30.169824Z  WARN yeto_syncer::server: connection ended: unexpected end of file peer=127.0.0.1:57590
2026-09-29T04:44:30.169893Z  WARN yeto_syncer::server: connection ended: unexpected end of file peer=127.0.0.1:57604
2026-09-29T04:44:30.170131Z  WARN yeto_syncer::server: connection ended: unexpected end of file peer=127.0.0.1:57618
