2026-09-29T14:12:58.638393Z  INFO yeto_syncer::server: syncer listening port=18627 semantic_profile_sha256="09ff6874adc24348d53423cac8e1474aafa2a626ab38f44320e13b285c039b37" require_profile_binding=false
2026-09-29T14:12:58.638470Z  INFO yeto_syncer::server: waiting for learners and INIT_PARAMS expected=2
2026-09-29T14:12:58.725012Z  WARN yeto_syncer::server: connection ended: unexpected end of file peer=127.0.0.1:44915
2026-09-29T14:16:50.718574Z  INFO yeto_syncer::server: learner connected (layout: 4 fragments) learner_id=0 generation=5489615989634972663 num_streams=4
2026-09-29T14:16:50.718890Z  INFO yeto_syncer::server: initialized global state iso_backend=scalar
2026-09-29T14:16:51.445504Z  INFO yeto_syncer::server: global parameters initialized
2026-09-29T14:16:53.938189Z  INFO yeto_syncer::server: learner connected (layout: 4 fragments) learner_id=1 generation=46192663195780195 num_streams=4
2026-09-29T14:16:54.754676Z  INFO yeto_syncer::server: checkpoint committed step=0 path=/work/out/dec-ports/work/seed-17/yeto-decoupled-m2/state.ckpt
2026-09-29T14:19:15.672985Z  INFO yeto_syncer::server: checkpoint committed step=1 path=/work/out/dec-ports/work/seed-17/yeto-decoupled-m2/state.ckpt
2026-09-29T14:19:15.699535Z  INFO yeto_syncer::server: outer step step=1 fragment=0 responders=[Member { learner_id: 0, generation: 5489615989634972663 }, Member { learner_id: 1, generation: 46192663195780195 }] gnorm="0.0121" ms=140782
2026-09-29T14:19:16.009414Z  INFO yeto_syncer::server: checkpoint committed step=2 path=/work/out/dec-ports/work/seed-17/yeto-decoupled-m2/state.ckpt
2026-09-29T14:19:16.065150Z  INFO yeto_syncer::server: outer step step=2 fragment=1 responders=[Member { learner_id: 0, generation: 5489615989634972663 }, Member { learner_id: 1, generation: 46192663195780195 }] gnorm="0.0140" ms=141148
2026-09-29T14:19:54.518181Z  INFO yeto_syncer::server: checkpoint committed step=3 path=/work/out/dec-ports/work/seed-17/yeto-decoupled-m2/state.ckpt
2026-09-29T14:19:54.539931Z  INFO yeto_syncer::server: outer step step=3 fragment=2 responders=[Member { learner_id: 0, generation: 5489615989634972663 }, Member { learner_id: 1, generation: 46192663195780195 }] gnorm="0.0160" ms=38840
2026-09-29T14:19:54.902260Z  INFO yeto_syncer::server: checkpoint committed step=4 path=/work/out/dec-ports/work/seed-17/yeto-decoupled-m2/state.ckpt
2026-09-29T14:19:54.973228Z  INFO yeto_syncer::server: outer step step=4 fragment=3 responders=[Member { learner_id: 0, generation: 5489615989634972663 }, Member { learner_id: 1, generation: 46192663195780195 }] gnorm="0.0183" ms=38906
2026-09-29T14:20:19.587481Z  INFO yeto_syncer::server: learner-budget cutoff checkpoint written step=4 path=/work/out/dec-ports/work/seed-17/yeto-decoupled-m2/state.ckpt
2026-09-29T14:20:19.587511Z  INFO yeto_syncer::server: learner-budget cutoff established cancelled_inflight=2 cancelled_computing=0 cancelled_ready=0 target_steps=4 step=4
2026-09-29T14:20:19.988061Z  INFO yeto_syncer::server: syncer listening port=18627 semantic_profile_sha256="6075672f6c96dcf4ece4081b31fa95c5bae2f2f941e9a30812bb39c661a744b7" require_profile_binding=false
2026-09-29T14:20:19.988165Z  INFO yeto_syncer::server: waiting for learners and INIT_PARAMS expected=2
2026-09-29T14:20:20.076834Z  WARN yeto_syncer::server: connection ended: unexpected end of file peer=127.0.0.1:52655
2026-09-29T14:20:20.593351Z  INFO yeto_syncer::server: learner connected (layout: 4 fragments) learner_id=0 generation=12627313271007989813 num_streams=4
2026-09-29T14:20:20.593486Z  INFO yeto_syncer::server: initialized global state iso_backend=scalar
2026-09-29T14:20:20.594001Z  INFO yeto_syncer::server: learner connected (layout: 4 fragments) learner_id=1 generation=12498298122473317850 num_streams=4
2026-09-29T14:20:20.641038Z  INFO yeto_syncer::server: resumed from checkpoint step=4
2026-09-29T14:20:21.269966Z  INFO yeto_syncer::server: checkpoint committed step=5 path=/work/out/dec-ports/work/seed-17/yeto-decoupled-m2/state.ckpt
2026-09-29T14:20:21.311443Z  INFO yeto_syncer::server: outer step step=5 fragment=0 responders=[Member { learner_id: 0, generation: 12627313271007989813 }, Member { learner_id: 1, generation: 12498298122473317850 }] gnorm="0.0047" ms=547
2026-09-29T14:20:21.654976Z  INFO yeto_syncer::server: checkpoint committed step=6 path=/work/out/dec-ports/work/seed-17/yeto-decoupled-m2/state.ckpt
2026-09-29T14:20:21.696987Z  INFO yeto_syncer::server: outer step step=6 fragment=1 responders=[Member { learner_id: 0, generation: 12627313271007989813 }, Member { learner_id: 1, generation: 12498298122473317850 }] gnorm="0.0050" ms=382
2026-09-29T14:20:22.153536Z  INFO yeto_syncer::server: checkpoint committed step=7 path=/work/out/dec-ports/work/seed-17/yeto-decoupled-m2/state.ckpt
2026-09-29T14:20:22.177612Z  INFO yeto_syncer::server: outer step step=7 fragment=2 responders=[Member { learner_id: 0, generation: 12627313271007989813 }, Member { learner_id: 1, generation: 12498298122473317850 }] gnorm="0.0042" ms=479
2026-09-29T14:20:22.579457Z  INFO yeto_syncer::server: checkpoint committed step=8 path=/work/out/dec-ports/work/seed-17/yeto-decoupled-m2/state.ckpt
2026-09-29T14:20:22.579697Z  INFO yeto_syncer::server: outer step step=8 fragment=3 responders=[Member { learner_id: 0, generation: 12627313271007989813 }, Member { learner_id: 1, generation: 12498298122473317850 }] gnorm="0.0045" ms=389
2026-09-29T14:20:38.669261Z  INFO yeto_syncer::server: learner finalized authoritative parameters learner_id=0 generation=12627313271007989813 step=8 remaining=1
2026-09-29T14:20:39.459185Z  INFO yeto_syncer::server: learner finalized authoritative parameters learner_id=1 generation=12498298122473317850 step=8 remaining=0
2026-09-29T14:20:39.459940Z  INFO yeto_syncer::server: all learners acknowledged final cut learners=2
2026-09-29T14:20:39.459962Z  INFO yeto_syncer::server: training complete after 8 outer steps
