[yeto] run 'algo2a-g1-gspo-s2' submitted; worker pid 2719510.
[yeto] log: /home/michael/.yeto/runs/algo2a-g1-gspo-s2/launcher.log
[yeto] streaming logs — Ctrl-C detaches, the run keeps going.

[launcher] --rl-single-island-no-sync: no syncer, no outer sync
[launcher] deploying Modal app yeto-algo2a-g1-gspo-s2 (1 island(s))
Building image im-lVnzo4xEZS87UOnYKo6Pdu

=> Step 0: FROM ghcr.io/michaellchung/yeto-miles-ports@sha256:5da40a07dabb3ea3fcf921efb4b2a21ca1178220bde40dc178c79b734fdaa540
time="2026-09-29T18:03:10Z" level=fatal msg="initializing source docker://ghcr.io/michaellchung/yeto-miles-ports@sha256:5da40a07dabb3ea3fcf921efb4b2a21ca1178220bde40dc178c79b734fdaa540: unable to retrieve auth token: invalid username/password: unauthorized"
Terminating task due to error: command skopeo copy docker://ghcr.io/michaellchung/yeto-miles-ports@sha256:5da40a07dabb3ea3fcf921efb4b2a21ca1178220bde40dc178c79b734fdaa540 oci:... had exit status: 1
[launcher] Modal app stop failed: modal app stop yeto-algo2a-g1-gspo-s2 failed: ╭─ Error ──────────────────────────────────────────────────────────────────────╮
│ No App with name 'yeto-algo2a-g1-gspo-s2' found in the 'main' environment.   │
╰──────────────────────────────────────────────────────────────────────────────╯
Traceback (most recent call last):
  File "/home/michael/work/algo-2a/yeto/cli.py", line 1648, in cmd_worker
    code = launcher_run(args, on_clusters=record_clusters)
           ^^^^^^^^^^^^^^^^^^^^^^^^^^^^^^^^^^^^^^^^^^^^^^^
  File "/home/michael/work/algo-2a/yeto/launcher.py", line 3844, in run
    modal_ops.deploy()
  File "/home/michael/work/algo-2a/yeto/modal_runner.py", line 433, in deploy
    self._app.deploy(name=self.app_name)
  File "/home/michael/work/gpu-head/venv/lib/python3.12/site-packages/modal/app.py", line 581, in deploy
    result = await _deploy_app(
             ^^^^^^^^^^^^^^^^^^
  File "/home/michael/work/gpu-head/venv/lib/python3.12/site-packages/modal/runner.py", line 689, in _deploy_app
    raise e
  File "/home/michael/work/gpu-head/venv/lib/python3.12/site-packages/modal/runner.py", line 666, in _deploy_app
    await _create_all_objects(running_app, local_app_state, root_load_context)
  File "/home/michael/work/gpu-head/venv/lib/python3.12/site-packages/modal/runner.py", line 203, in _create_all_objects
    await asyncio.gather(*[tc.create_task(_load(tag, obj)) for tag, obj in indexed_objects.items()])
  File "/home/michael/work/gpu-head/venv/lib/python3.12/site-packages/modal/runner.py", line 194, in _load
    await resolver.load(obj, load_context, existing_object_id=existing_object_id)
  File "/home/michael/work/gpu-head/venv/lib/python3.12/site-packages/modal/_image.py", line 792, in _load
    raise ImageBuildError(msg, image_id)
modal.exception.ImageBuildError: Image build for im-lVnzo4xEZS87UOnYKo6Pdu failed.
View the build logs:
  modal image logs im-lVnzo4xEZS87UOnYKo6Pdu
[yeto] run 'algo2a-g1-gspo-s2' finished: FAILED (exit code 1)
