[yeto] run 'algo1a-g1c-tis' submitted; worker pid 2617557.
[yeto] log: /home/michael/.yeto/runs/algo1a-g1c-tis/launcher.log
[yeto] streaming logs — Ctrl-C detaches, the run keeps going.

[launcher] --rl-single-island-no-sync: no syncer, no outer sync
[launcher] deploying Modal app yeto-algo1a-g1c-tis (1 island(s))
✓ Created objects.
├── ✓ Uploaded PythonPackage:yeto
├── ✓ Uploaded /tmp/algo1a/tree-tis
└── ✓ Created Function island-0.
✓ App deployed in 3.374s! 🎉

View Deployment: 
https://modal.com/apps/yetalabs/main/deployed/yeto-algo1a-g1c-tis
[launcher] launching learner 0 on Modal as algo1a-g1c-tis-l0-modal
[launcher] tearing down algo1a-g1c-tis-l0-modal
Traceback (most recent call last):
  File "/tmp/algo1a/tree-tis/yeto/cli.py", line 1614, in cmd_worker
    code = launcher_run(args, on_clusters=record_clusters)
           ^^^^^^^^^^^^^^^^^^^^^^^^^^^^^^^^^^^^^^^^^^^^^^^
  File "/tmp/algo1a/tree-tis/yeto/launcher.py", line 3836, in run
    controller = FleetController(
                 ^^^^^^^^^^^^^^^^
  File "/tmp/algo1a/tree-tis/yeto/launcher.py", line 3273, in __init__
    syncer_name, syncer_task, syncer_job = syncer
    ^^^^^^^^^^^^^^^^^^^^^^^^^^^^^^^^^^^^
TypeError: cannot unpack non-iterable NoneType object
[yeto] run 'algo1a-g1c-tis' finished: FAILED (exit code 1)
