2026-09-29T06:25:36.155023Z  INFO yeto_syncer::server: syncer listening port=27388 semantic_profile_sha256="9812a9142295593e466c67e1caf8dd5af6a86a96e439a4c296e1f05e1bb902ae" require_profile_binding=false
2026-09-29T06:25:36.155128Z  INFO yeto_syncer::server: waiting for learners and INIT_PARAMS expected=2
2026-09-29T06:25:36.241357Z  WARN yeto_syncer::server: connection ended: unexpected end of file peer=127.0.0.1:45799
2026-09-29T06:28:26.265542Z  INFO yeto_syncer::server: learner connected (layout: 8 fragments) learner_id=1 generation=13443013411883425839 num_streams=4
2026-09-29T06:28:26.265653Z  INFO yeto_syncer::server: initialized global state iso_backend=scalar
2026-09-29T06:28:26.286655Z  INFO yeto_syncer::server: learner connected (layout: 8 fragments) learner_id=0 generation=8449672450130854791 num_streams=4
2026-09-29T06:28:26.571200Z  INFO yeto_syncer::server: global parameters initialized
2026-09-29T06:28:26.879777Z  INFO yeto_syncer::server: checkpoint committed step=0 path=/work/out/ports-s19/work/seed-19/yeto-decoupled-m2/state.ckpt
2026-09-29T06:31:32.460331Z  INFO yeto_syncer::server: checkpoint committed step=1 path=/work/out/ports-s19/work/seed-19/yeto-decoupled-m2/state.ckpt
2026-09-29T06:31:32.474726Z  INFO yeto_syncer::server: outer step step=1 fragment=0 responders=[Member { learner_id: 0, generation: 8449672450130854791 }, Member { learner_id: 1, generation: 13443013411883425839 }] gnorm="0.1214" ms=185515
2026-09-29T06:31:32.803658Z  INFO yeto_syncer::server: checkpoint committed step=2 path=/work/out/ports-s19/work/seed-19/yeto-decoupled-m2/state.ckpt
2026-09-29T06:31:32.823132Z  INFO yeto_syncer::server: outer step step=2 fragment=1 responders=[Member { learner_id: 0, generation: 8449672450130854791 }, Member { learner_id: 1, generation: 13443013411883425839 }] gnorm="0.1341" ms=185864
2026-09-29T06:31:51.792525Z  INFO yeto_syncer::server: checkpoint committed step=3 path=/work/out/ports-s19/work/seed-19/yeto-decoupled-m2/state.ckpt
2026-09-29T06:31:51.813093Z  INFO yeto_syncer::server: outer step step=3 fragment=2 responders=[Member { learner_id: 0, generation: 8449672450130854791 }, Member { learner_id: 1, generation: 13443013411883425839 }] gnorm="0.1342" ms=19337
2026-09-29T06:31:52.157004Z  INFO yeto_syncer::server: checkpoint committed step=4 path=/work/out/ports-s19/work/seed-19/yeto-decoupled-m2/state.ckpt
2026-09-29T06:31:52.175589Z  INFO yeto_syncer::server: outer step step=4 fragment=3 responders=[Member { learner_id: 0, generation: 8449672450130854791 }, Member { learner_id: 1, generation: 13443013411883425839 }] gnorm="0.1437" ms=19352
2026-09-29T06:32:12.853549Z  INFO yeto_syncer::server: checkpoint committed step=5 path=/work/out/ports-s19/work/seed-19/yeto-decoupled-m2/state.ckpt
2026-09-29T06:32:12.861832Z  INFO yeto_syncer::server: outer step step=5 fragment=4 responders=[Member { learner_id: 0, generation: 8449672450130854791 }, Member { learner_id: 1, generation: 13443013411883425839 }] gnorm="0.1369" ms=21048
2026-09-29T06:32:13.156967Z  INFO yeto_syncer::server: checkpoint committed step=6 path=/work/out/ports-s19/work/seed-19/yeto-decoupled-m2/state.ckpt
2026-09-29T06:32:13.174575Z  INFO yeto_syncer::server: outer step step=6 fragment=5 responders=[Member { learner_id: 0, generation: 8449672450130854791 }, Member { learner_id: 1, generation: 13443013411883425839 }] gnorm="0.1545" ms=11631
2026-09-29T06:32:32.122311Z  INFO yeto_syncer::server: checkpoint committed step=7 path=/work/out/ports-s19/work/seed-19/yeto-decoupled-m2/state.ckpt
2026-09-29T06:32:32.131090Z  INFO yeto_syncer::server: outer step step=7 fragment=6 responders=[Member { learner_id: 0, generation: 8449672450130854791 }, Member { learner_id: 1, generation: 13443013411883425839 }] gnorm="0.1364" ms=19269
2026-09-29T06:32:32.418881Z  INFO yeto_syncer::server: checkpoint committed step=8 path=/work/out/ports-s19/work/seed-19/yeto-decoupled-m2/state.ckpt
2026-09-29T06:32:32.437603Z  INFO yeto_syncer::server: outer step step=8 fragment=7 responders=[Member { learner_id: 0, generation: 8449672450130854791 }, Member { learner_id: 1, generation: 13443013411883425839 }] gnorm="0.1580" ms=9637
2026-09-29T06:32:52.427157Z  INFO yeto_syncer::server: learner-budget cutoff checkpoint written step=8 path=/work/out/ports-s19/work/seed-19/yeto-decoupled-m2/state.ckpt
2026-09-29T06:32:52.427185Z  INFO yeto_syncer::server: learner-budget cutoff established cancelled_inflight=2 cancelled_computing=0 cancelled_ready=0 target_steps=8 step=8
2026-09-29T06:32:53.437452Z  INFO yeto_syncer::server: syncer listening port=27388 semantic_profile_sha256="65f22e935c1c3ecdbf0ba8fd545971218fd23dbc28da021cf92f83ba22b4f26d" require_profile_binding=false
2026-09-29T06:32:53.437558Z  INFO yeto_syncer::server: waiting for learners and INIT_PARAMS expected=2
2026-09-29T06:32:53.505096Z  WARN yeto_syncer::server: connection ended: unexpected end of file peer=127.0.0.1:64886
2026-09-29T06:32:55.433934Z  INFO yeto_syncer::server: learner connected (layout: 8 fragments) learner_id=1 generation=14289493532270546486 num_streams=4
2026-09-29T06:32:55.434058Z  INFO yeto_syncer::server: initialized global state iso_backend=scalar
2026-09-29T06:32:55.434282Z  INFO yeto_syncer::server: learner connected (layout: 8 fragments) learner_id=0 generation=5238847469132804905 num_streams=4
2026-09-29T06:32:55.503677Z  INFO yeto_syncer::server: resumed from checkpoint step=8
2026-09-29T06:32:55.977976Z  INFO yeto_syncer::server: checkpoint committed step=9 path=/work/out/ports-s19/work/seed-19/yeto-decoupled-m2/state.ckpt
2026-09-29T06:32:55.993926Z  INFO yeto_syncer::server: outer step step=9 fragment=0 responders=[Member { learner_id: 0, generation: 5238847469132804905 }, Member { learner_id: 1, generation: 14289493532270546486 }] gnorm="0.0235" ms=418
2026-09-29T06:32:56.360391Z  INFO yeto_syncer::server: checkpoint committed step=10 path=/work/out/ports-s19/work/seed-19/yeto-decoupled-m2/state.ckpt
2026-09-29T06:32:56.381595Z  INFO yeto_syncer::server: outer step step=10 fragment=1 responders=[Member { learner_id: 0, generation: 5238847469132804905 }, Member { learner_id: 1, generation: 14289493532270546486 }] gnorm="0.0235" ms=387
2026-09-29T06:32:56.749055Z  INFO yeto_syncer::server: checkpoint committed step=11 path=/work/out/ports-s19/work/seed-19/yeto-decoupled-m2/state.ckpt
2026-09-29T06:32:56.767073Z  INFO yeto_syncer::server: outer step step=11 fragment=2 responders=[Member { learner_id: 0, generation: 5238847469132804905 }, Member { learner_id: 1, generation: 14289493532270546486 }] gnorm="0.0114" ms=385
2026-09-29T06:32:57.147566Z  INFO yeto_syncer::server: checkpoint committed step=12 path=/work/out/ports-s19/work/seed-19/yeto-decoupled-m2/state.ckpt
2026-09-29T06:32:57.169361Z  INFO yeto_syncer::server: outer step step=12 fragment=3 responders=[Member { learner_id: 0, generation: 5238847469132804905 }, Member { learner_id: 1, generation: 14289493532270546486 }] gnorm="0.0114" ms=402
2026-09-29T06:32:57.540288Z  INFO yeto_syncer::server: checkpoint committed step=13 path=/work/out/ports-s19/work/seed-19/yeto-decoupled-m2/state.ckpt
2026-09-29T06:32:57.557997Z  INFO yeto_syncer::server: outer step step=13 fragment=4 responders=[Member { learner_id: 0, generation: 5238847469132804905 }, Member { learner_id: 1, generation: 14289493532270546486 }] gnorm="0.0038" ms=387
2026-09-29T06:32:57.959765Z  INFO yeto_syncer::server: checkpoint committed step=14 path=/work/out/ports-s19/work/seed-19/yeto-decoupled-m2/state.ckpt
2026-09-29T06:32:57.982737Z  INFO yeto_syncer::server: outer step step=14 fragment=5 responders=[Member { learner_id: 0, generation: 5238847469132804905 }, Member { learner_id: 1, generation: 14289493532270546486 }] gnorm="0.0037" ms=424
2026-09-29T06:32:58.389087Z  INFO yeto_syncer::server: checkpoint committed step=15 path=/work/out/ports-s19/work/seed-19/yeto-decoupled-m2/state.ckpt
2026-09-29T06:32:58.407083Z  INFO yeto_syncer::server: outer step step=15 fragment=6 responders=[Member { learner_id: 0, generation: 5238847469132804905 }, Member { learner_id: 1, generation: 14289493532270546486 }] gnorm="0.0436" ms=423
2026-09-29T06:32:58.818429Z  INFO yeto_syncer::server: checkpoint committed step=16 path=/work/out/ports-s19/work/seed-19/yeto-decoupled-m2/state.ckpt
2026-09-29T06:32:58.832551Z  INFO yeto_syncer::server: outer step step=16 fragment=7 responders=[Member { learner_id: 0, generation: 5238847469132804905 }, Member { learner_id: 1, generation: 14289493532270546486 }] gnorm="0.0507" ms=424
2026-09-29T06:33:00.237268Z  INFO yeto_syncer::server: learner finalized authoritative parameters learner_id=0 generation=5238847469132804905 step=16 remaining=1
2026-09-29T06:33:00.289059Z  INFO yeto_syncer::server: learner finalized authoritative parameters learner_id=1 generation=14289493532270546486 step=16 remaining=0
2026-09-29T06:33:00.289116Z  INFO yeto_syncer::server: all learners acknowledged final cut learners=2
2026-09-29T06:33:00.289145Z  INFO yeto_syncer::server: training complete after 16 outer steps
2026-09-29T06:33:01.596802Z  WARN yeto_syncer::server: connection ended: unexpected end of file peer=127.0.0.1:40704
2026-09-29T06:33:01.597871Z  WARN yeto_syncer::server: connection ended: unexpected end of file peer=127.0.0.1:62972
2026-09-29T06:33:01.598121Z  WARN yeto_syncer::server: connection ended: unexpected end of file peer=127.0.0.1:60008
2026-09-29T06:33:01.598269Z  WARN yeto_syncer::server: connection ended: unexpected end of file peer=127.0.0.1:23539
2026-09-29T06:33:01.598418Z  WARN yeto_syncer::server: connection ended: unexpected end of file peer=127.0.0.1:29326
2026-09-29T06:33:01.621091Z  WARN yeto_syncer::server: connection ended: unexpected end of file peer=127.0.0.1:36019
2026-09-29T06:33:01.622108Z  WARN yeto_syncer::server: connection ended: unexpected end of file peer=127.0.0.1:44453
2026-09-29T06:33:01.622346Z  WARN yeto_syncer::server: connection ended: unexpected end of file peer=127.0.0.1:52001
2026-09-29T06:33:01.622558Z  WARN yeto_syncer::server: connection ended: unexpected end of file peer=127.0.0.1:16693
2026-09-29T06:33:01.622973Z  WARN yeto_syncer::server: connection ended: unexpected end of file peer=127.0.0.1:54180
