2026-09-29T07:16:55.253798Z  INFO yeto_syncer::server: syncer listening port=29400 semantic_profile_sha256="0f1dd003fd8d40cae8ef7d8f2e253b2f58a00806038150774069d84926a804a9" require_profile_binding=false
2026-09-29T07:16:55.253858Z  INFO yeto_syncer::server: waiting for learners and INIT_PARAMS expected=2
2026-09-29T07:34:40.565376Z  INFO yeto_syncer::server: learner connected (layout: 4 fragments) learner_id=0 generation=1867343362453586532 num_streams=4
2026-09-29T07:34:40.565491Z  INFO yeto_syncer::server: initialized global state iso_backend=scalar
2026-09-29T07:34:40.684584Z  INFO yeto_syncer::server: global parameters initialized
2026-09-29T07:35:13.370344Z  INFO yeto_syncer::server: learner connected (layout: 4 fragments) learner_id=1 generation=4446586226812817769 num_streams=4
2026-09-29T07:35:13.476827Z  INFO yeto_syncer::server: checkpoint committed step=0 path=/home/ubuntu/yeto-output/yeto-state.ckpt
2026-09-29T07:37:53.466714Z  INFO yeto_syncer::server: checkpoint committed step=1 path=/home/ubuntu/yeto-output/yeto-state.ckpt
2026-09-29T07:37:53.486678Z  INFO yeto_syncer::server: outer step step=1 fragment=0 responders=[Member { learner_id: 0, generation: 1867343362453586532 }, Member { learner_id: 1, generation: 4446586226812817769 }] gnorm="0.0151" ms=159893
2026-09-29T07:37:53.741796Z  INFO yeto_syncer::server: checkpoint committed step=2 path=/home/ubuntu/yeto-output/yeto-state.ckpt
2026-09-29T07:37:53.761224Z  INFO yeto_syncer::server: outer step step=2 fragment=1 responders=[Member { learner_id: 0, generation: 1867343362453586532 }, Member { learner_id: 1, generation: 4446586226812817769 }] gnorm="0.0176" ms=160168
2026-09-29T07:38:17.463954Z  INFO yeto_syncer::server: checkpoint committed step=3 path=/home/ubuntu/yeto-output/yeto-state.ckpt
2026-09-29T07:38:17.488588Z  INFO yeto_syncer::server: outer step step=3 fragment=2 responders=[Member { learner_id: 0, generation: 1867343362453586532 }, Member { learner_id: 1, generation: 4446586226812817769 }] gnorm="0.0177" ms=23997
2026-09-29T07:38:17.731071Z  INFO yeto_syncer::server: checkpoint committed step=4 path=/home/ubuntu/yeto-output/yeto-state.ckpt
2026-09-29T07:38:17.750168Z  INFO yeto_syncer::server: outer step step=4 fragment=3 responders=[Member { learner_id: 0, generation: 1867343362453586532 }, Member { learner_id: 1, generation: 4446586226812817769 }] gnorm="0.0202" ms=23986
2026-09-29T07:39:02.647491Z  INFO yeto_syncer::server: checkpoint committed step=5 path=/home/ubuntu/yeto-output/yeto-state.ckpt
2026-09-29T07:39:02.674291Z  INFO yeto_syncer::server: outer step step=5 fragment=0 responders=[Member { learner_id: 0, generation: 1867343362453586532 }, Member { learner_id: 1, generation: 4446586226812817769 }] gnorm="0.0018" ms=45184
2026-09-29T07:39:02.919378Z  INFO yeto_syncer::server: checkpoint committed step=6 path=/home/ubuntu/yeto-output/yeto-state.ckpt
2026-09-29T07:39:02.946102Z  INFO yeto_syncer::server: outer step step=6 fragment=1 responders=[Member { learner_id: 0, generation: 1867343362453586532 }, Member { learner_id: 1, generation: 4446586226812817769 }] gnorm="0.0018" ms=33533
2026-09-29T07:39:24.272295Z  INFO yeto_syncer::server: checkpoint committed step=7 path=/home/ubuntu/yeto-output/yeto-state.ckpt
2026-09-29T07:39:24.296766Z  INFO yeto_syncer::server: outer step step=7 fragment=2 responders=[Member { learner_id: 0, generation: 1867343362453586532 }, Member { learner_id: 1, generation: 4446586226812817769 }] gnorm="0.0000" ms=21622
2026-09-29T07:39:33.605993Z  INFO yeto_syncer::server: checkpoint committed step=8 path=/home/ubuntu/yeto-output/yeto-state.ckpt
2026-09-29T07:39:33.627703Z  INFO yeto_syncer::server: outer step step=8 fragment=3 responders=[Member { learner_id: 0, generation: 1867343362453586532 }, Member { learner_id: 1, generation: 4446586226812817769 }] gnorm="0.0000" ms=19366
2026-09-29T07:40:07.565706Z  INFO yeto_syncer::server: checkpoint committed step=9 path=/home/ubuntu/yeto-output/yeto-state.ckpt
2026-09-29T07:40:07.590408Z  INFO yeto_syncer::server: outer step step=9 fragment=0 responders=[Member { learner_id: 0, generation: 1867343362453586532 }, Member { learner_id: 1, generation: 4446586226812817769 }] gnorm="0.0000" ms=41737
2026-09-29T07:40:07.821997Z  INFO yeto_syncer::server: checkpoint committed step=10 path=/home/ubuntu/yeto-output/yeto-state.ckpt
2026-09-29T07:40:07.841146Z  INFO yeto_syncer::server: outer step step=10 fragment=1 responders=[Member { learner_id: 0, generation: 1867343362453586532 }, Member { learner_id: 1, generation: 4446586226812817769 }] gnorm="0.0000" ms=30830
2026-09-29T07:40:27.813305Z  INFO yeto_syncer::server: checkpoint committed step=11 path=/home/ubuntu/yeto-output/yeto-state.ckpt
2026-09-29T07:40:27.837161Z  INFO yeto_syncer::server: outer step step=11 fragment=2 responders=[Member { learner_id: 0, generation: 1867343362453586532 }, Member { learner_id: 1, generation: 4446586226812817769 }] gnorm="0.0000" ms=20246
2026-09-29T07:40:34.580972Z  INFO yeto_syncer::server: checkpoint committed step=12 path=/home/ubuntu/yeto-output/yeto-state.ckpt
2026-09-29T07:40:34.600540Z  INFO yeto_syncer::server: outer step step=12 fragment=3 responders=[Member { learner_id: 0, generation: 1867343362453586532 }, Member { learner_id: 1, generation: 4446586226812817769 }] gnorm="0.0000" ms=16039
2026-09-29T07:41:09.775319Z  INFO yeto_syncer::server: checkpoint committed step=13 path=/home/ubuntu/yeto-output/yeto-state.ckpt
2026-09-29T07:41:09.800149Z  INFO yeto_syncer::server: outer step step=13 fragment=0 responders=[Member { learner_id: 0, generation: 1867343362453586532 }, Member { learner_id: 1, generation: 4446586226812817769 }] gnorm="0.0000" ms=40269
2026-09-29T07:41:10.042893Z  INFO yeto_syncer::server: checkpoint committed step=14 path=/home/ubuntu/yeto-output/yeto-state.ckpt
2026-09-29T07:41:10.063402Z  INFO yeto_syncer::server: outer step step=14 fragment=1 responders=[Member { learner_id: 0, generation: 1867343362453586532 }, Member { learner_id: 1, generation: 4446586226812817769 }] gnorm="0.0000" ms=30025
2026-09-29T07:41:30.813833Z  INFO yeto_syncer::server: checkpoint committed step=15 path=/home/ubuntu/yeto-output/yeto-state.ckpt
2026-09-29T07:41:30.834631Z  INFO yeto_syncer::server: outer step step=15 fragment=2 responders=[Member { learner_id: 0, generation: 1867343362453586532 }, Member { learner_id: 1, generation: 4446586226812817769 }] gnorm="0.0000" ms=21034
2026-09-29T07:41:35.137606Z  INFO yeto_syncer::server: checkpoint committed step=16 path=/home/ubuntu/yeto-output/yeto-state.ckpt
2026-09-29T07:41:35.137633Z  INFO yeto_syncer::server: outer step step=16 fragment=3 responders=[Member { learner_id: 0, generation: 1867343362453586532 }, Member { learner_id: 1, generation: 4446586226812817769 }] gnorm="0.0000" ms=14850
2026-09-29T07:41:36.043167Z  INFO yeto_syncer::server: learner finalized authoritative parameters learner_id=0 generation=1867343362453586532 step=16 remaining=1
2026-09-29T07:41:36.119649Z  INFO yeto_syncer::server: learner finalized authoritative parameters learner_id=1 generation=4446586226812817769 step=16 remaining=0
2026-09-29T07:41:36.119689Z  INFO yeto_syncer::server: all learners acknowledged final cut learners=2
2026-09-29T07:41:36.119693Z  INFO yeto_syncer::server: training complete after 16 outer steps
2026-09-29T07:41:36.910688Z  WARN yeto_syncer::server: connection ended: unexpected end of file peer=89.169.123.122:44404
2026-09-29T07:41:36.912503Z  WARN yeto_syncer::server: connection ended: unexpected end of file peer=89.169.123.122:44414
2026-09-29T07:41:36.912673Z  WARN yeto_syncer::server: connection ended: unexpected end of file peer=89.169.123.122:44428
2026-09-29T07:41:36.912724Z  WARN yeto_syncer::server: connection ended: unexpected end of file peer=89.169.123.122:44444
2026-09-29T07:41:36.912879Z  WARN yeto_syncer::server: connection ended: unexpected end of file peer=89.169.123.122:44446
2026-09-29T07:41:37.027784Z  WARN yeto_syncer::server: connection ended: unexpected end of file peer=89.169.108.196:49658
2026-09-29T07:41:37.028130Z  WARN yeto_syncer::server: connection ended: unexpected end of file peer=89.169.108.196:49680
2026-09-29T07:41:37.028140Z  WARN yeto_syncer::server: connection ended: unexpected end of file peer=89.169.108.196:49668
2026-09-29T07:41:37.028199Z  WARN yeto_syncer::server: connection ended: unexpected end of file peer=89.169.108.196:49682
2026-09-29T07:41:37.028261Z  WARN yeto_syncer::server: connection ended: unexpected end of file peer=89.169.108.196:49684
