[yeto] run 'algo1b-g1b-a' submitted; worker pid 1894761.
[yeto] log: /home/michael/.yeto/runs/algo1b-g1b-a/launcher.log
[yeto] streaming logs — Ctrl-C detaches, the run keeps going.

[launcher] --rl-single-island-no-sync: no syncer, no outer sync
[launcher] deploying Modal app yeto-algo1b-g1b-a (1 island(s))
Building image im-lVnzo4xEZS87UOnYKo6Pdu

=> Step 0: FROM ghcr.io/michaellchung/yeto-miles-ports@sha256:5da40a07dabb3ea3fcf921efb4b2a21ca1178220bde40dc178c79b734fdaa540
time="2026-09-29T18:26:58Z" level=fatal msg="initializing source docker://ghcr.io/michaellchung/yeto-miles-ports@sha256:5da40a07dabb3ea3fcf921efb4b2a21ca1178220bde40dc178c79b734fdaa540: unable to retrieve auth token: invalid username/password: unauthorized"
Terminating task due to error: command skopeo copy docker://ghcr.io/michaellchung/yeto-miles-ports@sha256:5da40a07dabb3ea3fcf921efb4b2a21ca1178220bde40dc178c79b734fdaa540 oci:... had exit status: 1
[launcher] Modal app stop failed: modal app stop yeto-algo1b-g1b-a failed: ╭─ Error ──────────────────────────────────────────────────────────────────────╮
│ No App with name 'yeto-algo1b-g1b-a' found in the 'main' environment.        │
╰──────────────────────────────────────────────────────────────────────────────╯
Traceback (most recent call last):
  File "/home/michael/work/algo-1b/yeto/cli.py", line 1657, in cmd_worker
    code = launcher_run(args, on_clusters=record_clusters)
           ^^^^^^^^^^^^^^^^^^^^^^^^^^^^^^^^^^^^^^^^^^^^^^^
  File "/home/michael/work/algo-1b/yeto/launcher.py", line 3851, in run
    modal_ops.deploy()
  File "/home/michael/work/algo-1b/yeto/modal_runner.py", line 433, in deploy
    self._app.deploy(name=self.app_name)
  File "/home/michael/work/gpu-head/venv/lib/python3.12/site-packages/modal/app.py", line 581, in deploy
    result = await _deploy_app(
             ^^^^^^^^^^^^^^^^^^
  File "/home/michael/work/gpu-head/venv/lib/python3.12/site-packages/modal/runner.py", line 689, in _deploy_app
    raise e
  File "/home/michael/work/gpu-head/venv/lib/python3.12/site-packages/modal/runner.py", line 666, in _deploy_app
    await _create_all_objects(running_app, local_app_state, root_load_context)
  File "/home/michael/work/gpu-head/venv/lib/python3.12/site-packages/modal/runner.py", line 203, in _create_all_objects
    await asyncio.gather(*[tc.create_task(_load(tag, obj)) for tag, obj in indexed_objects.items()])
  File "/home/michael/work/gpu-head/venv/lib/python3.12/site-packages/modal/runner.py", line 194, in _load
    await resolver.load(obj, load_context, existing_object_id=existing_object_id)
  File "/home/michael/work/gpu-head/venv/lib/python3.12/site-packages/modal/_image.py", line 792, in _load
    raise ImageBuildError(msg, image_id)
modal.exception.ImageBuildError: Image build for im-lVnzo4xEZS87UOnYKo6Pdu failed.
View the build logs:
  modal image logs im-lVnzo4xEZS87UOnYKo6Pdu
ERROR:asyncio:unhandled exception during asyncio.run() shutdown
task: <Task finished name='Task-1819' coro=<_Mount._load_mount.<locals>._put_file() done, defined at /home/michael/work/gpu-head/venv/lib/python3.12/site-packages/modal/mount.py:559> exception=ClientClosed(140730186154928)>
Traceback (most recent call last):
  File "/home/michael/work/gpu-head/venv/lib/python3.12/site-packages/modal/_utils/async_utils.py", line 1087, in producer
    async for item in stream:
  File "/home/michael/work/gpu-head/venv/lib/python3.12/site-packages/modal/_utils/async_utils.py", line 1202, in worker
    res = await prevent_cancellation_abortion(async_mapper_func(item.value))
          ^^^^^^^^^^^^^^^^^^^^^^^^^^^^^^^^^^^^^^^^^^^^^^^^^^^^^^^^^^^^^^^^^^
  File "/home/michael/work/gpu-head/venv/lib/python3.12/site-packages/modal/_utils/async_utils.py", line 1173, in prevent_cancellation_abortion
    await t  # this *normally* reraises
    ^^^^^^^
  File "/home/michael/work/gpu-head/venv/lib/python3.12/site-packages/modal/mount.py", line 617, in _put_file
    response = await load_context.client._stub.MountPutFile(request, retry=Retry(base_delay=1))
               ^^^^^^^^^^^^^^^^^^^^^^^^^^^^^^^^^^^^^^^^^^^^^^^^^^^^^^^^^^^^^^^^^^^^^^^^^^^^^^^^
  File "/home/michael/work/gpu-head/venv/lib/python3.12/site-packages/modal/_grpc_client.py", line 164, in direct
    return await self.client._call_unary(self.wrapped_method, req, timeout=timeout, metadata=metadata)
           ^^^^^^^^^^^^^^^^^^^^^^^^^^^^^^^^^^^^^^^^^^^^^^^^^^^^^^^^^^^^^^^^^^^^^^^^^^^^^^^^^^^^^^^^^^^
  File "/home/michael/work/gpu-head/venv/lib/python3.12/site-packages/modal/client.py", line 533, in _call_unary
    return await self._call_safely(coro, grpclib_method.name)
           ^^^^^^^^^^^^^^^^^^^^^^^^^^^^^^^^^^^^^^^^^^^^^^^^^^
  File "/home/michael/work/gpu-head/venv/lib/python3.12/site-packages/modal/client.py", line 492, in _call_safely
    raise ClientClosed(id(self)) from None
modal.exception.ClientClosed: 140730186154928
ERROR:asyncio:unhandled exception during asyncio.run() shutdown
task: <Task finished name='Task-1804' coro=<_Mount._load_mount.<locals>._put_file() done, defined at /home/michael/work/gpu-head/venv/lib/python3.12/site-packages/modal/mount.py:559> exception=ClientClosed(140730186154928)>
Traceback (most recent call last):
  File "/home/michael/work/gpu-head/venv/lib/python3.12/site-packages/modal/_utils/async_utils.py", line 1087, in producer
    async for item in stream:
  File "/home/michael/work/gpu-head/venv/lib/python3.12/site-packages/modal/_utils/async_utils.py", line 1202, in worker
    res = await prevent_cancellation_abortion(async_mapper_func(item.value))
          ^^^^^^^^^^^^^^^^^^^^^^^^^^^^^^^^^^^^^^^^^^^^^^^^^^^^^^^^^^^^^^^^^^
  File "/home/michael/work/gpu-head/venv/lib/python3.12/site-packages/modal/_utils/async_utils.py", line 1173, in prevent_cancellation_abortion
    await t  # this *normally* reraises
    ^^^^^^^
  File "/home/michael/work/gpu-head/venv/lib/python3.12/site-packages/modal/mount.py", line 617, in _put_file
    response = await load_context.client._stub.MountPutFile(request, retry=Retry(base_delay=1))
               ^^^^^^^^^^^^^^^^^^^^^^^^^^^^^^^^^^^^^^^^^^^^^^^^^^^^^^^^^^^^^^^^^^^^^^^^^^^^^^^^
  File "/home/michael/work/gpu-head/venv/lib/python3.12/site-packages/modal/_grpc_client.py", line 164, in direct
    return await self.client._call_unary(self.wrapped_method, req, timeout=timeout, metadata=metadata)
           ^^^^^^^^^^^^^^^^^^^^^^^^^^^^^^^^^^^^^^^^^^^^^^^^^^^^^^^^^^^^^^^^^^^^^^^^^^^^^^^^^^^^^^^^^^^
  File "/home/michael/work/gpu-head/venv/lib/python3.12/site-packages/modal/client.py", line 533, in _call_unary
    return await self._call_safely(coro, grpclib_method.name)
           ^^^^^^^^^^^^^^^^^^^^^^^^^^^^^^^^^^^^^^^^^^^^^^^^^^
  File "/home/michael/work/gpu-head/venv/lib/python3.12/site-packages/modal/client.py", line 492, in _call_safely
    raise ClientClosed(id(self)) from None
modal.exception.ClientClosed: 140730186154928
ERROR:asyncio:unhandled exception during asyncio.run() shutdown
task: <Task finished name='Task-1823' coro=<_Mount._load_mount.<locals>._put_file() done, defined at /home/michael/work/gpu-head/venv/lib/python3.12/site-packages/modal/mount.py:559> exception=ClientClosed(140730186154928)>
Traceback (most recent call last):
  File "/home/michael/work/gpu-head/venv/lib/python3.12/site-packages/modal/_utils/async_utils.py", line 1087, in producer
    async for item in stream:
  File "/home/michael/work/gpu-head/venv/lib/python3.12/site-packages/modal/_utils/async_utils.py", line 1202, in worker
    res = await prevent_cancellation_abortion(async_mapper_func(item.value))
          ^^^^^^^^^^^^^^^^^^^^^^^^^^^^^^^^^^^^^^^^^^^^^^^^^^^^^^^^^^^^^^^^^^
  File "/home/michael/work/gpu-head/venv/lib/python3.12/site-packages/modal/_utils/async_utils.py", line 1173, in prevent_cancellation_abortion
    await t  # this *normally* reraises
    ^^^^^^^
  File "/home/michael/work/gpu-head/venv/lib/python3.12/site-packages/modal/mount.py", line 617, in _put_file
    response = await load_context.client._stub.MountPutFile(request, retry=Retry(base_delay=1))
               ^^^^^^^^^^^^^^^^^^^^^^^^^^^^^^^^^^^^^^^^^^^^^^^^^^^^^^^^^^^^^^^^^^^^^^^^^^^^^^^^
  File "/home/michael/work/gpu-head/venv/lib/python3.12/site-packages/modal/_grpc_client.py", line 164, in direct
    return await self.client._call_unary(self.wrapped_method, req, timeout=timeout, metadata=metadata)
           ^^^^^^^^^^^^^^^^^^^^^^^^^^^^^^^^^^^^^^^^^^^^^^^^^^^^^^^^^^^^^^^^^^^^^^^^^^^^^^^^^^^^^^^^^^^
  File "/home/michael/work/gpu-head/venv/lib/python3.12/site-packages/modal/client.py", line 533, in _call_unary
    return await self._call_safely(coro, grpclib_method.name)
           ^^^^^^^^^^^^^^^^^^^^^^^^^^^^^^^^^^^^^^^^^^^^^^^^^^
  File "/home/michael/work/gpu-head/venv/lib/python3.12/site-packages/modal/client.py", line 492, in _call_safely
    raise ClientClosed(id(self)) from None
modal.exception.ClientClosed: 140730186154928
ERROR:asyncio:unhandled exception during asyncio.run() shutdown
task: <Task finished name='Task-1816' coro=<_Mount._load_mount.<locals>._put_file() done, defined at /home/michael/work/gpu-head/venv/lib/python3.12/site-packages/modal/mount.py:559> exception=ClientClosed(140730186154928)>
Traceback (most recent call last):
  File "/home/michael/work/gpu-head/venv/lib/python3.12/site-packages/modal/_utils/async_utils.py", line 1087, in producer
    async for item in stream:
  File "/home/michael/work/gpu-head/venv/lib/python3.12/site-packages/modal/_utils/async_utils.py", line 1202, in worker
    res = await prevent_cancellation_abortion(async_mapper_func(item.value))
          ^^^^^^^^^^^^^^^^^^^^^^^^^^^^^^^^^^^^^^^^^^^^^^^^^^^^^^^^^^^^^^^^^^
  File "/home/michael/work/gpu-head/venv/lib/python3.12/site-packages/modal/_utils/async_utils.py", line 1173, in prevent_cancellation_abortion
    await t  # this *normally* reraises
    ^^^^^^^
  File "/home/michael/work/gpu-head/venv/lib/python3.12/site-packages/modal/mount.py", line 617, in _put_file
    response = await load_context.client._stub.MountPutFile(request, retry=Retry(base_delay=1))
               ^^^^^^^^^^^^^^^^^^^^^^^^^^^^^^^^^^^^^^^^^^^^^^^^^^^^^^^^^^^^^^^^^^^^^^^^^^^^^^^^
  File "/home/michael/work/gpu-head/venv/lib/python3.12/site-packages/modal/_grpc_client.py", line 164, in direct
    return await self.client._call_unary(self.wrapped_method, req, timeout=timeout, metadata=metadata)
           ^^^^^^^^^^^^^^^^^^^^^^^^^^^^^^^^^^^^^^^^^^^^^^^^^^^^^^^^^^^^^^^^^^^^^^^^^^^^^^^^^^^^^^^^^^^
  File "/home/michael/work/gpu-head/venv/lib/python3.12/site-packages/modal/client.py", line 533, in _call_unary
    return await self._call_safely(coro, grpclib_method.name)
           ^^^^^^^^^^^^^^^^^^^^^^^^^^^^^^^^^^^^^^^^^^^^^^^^^^
  File "/home/michael/work/gpu-head/venv/lib/python3.12/site-packages/modal/client.py", line 492, in _call_safely
    raise ClientClosed(id(self)) from None
modal.exception.ClientClosed: 140730186154928
ERROR:asyncio:unhandled exception during asyncio.run() shutdown
task: <Task finished name='Task-1788' coro=<_Mount._load_mount.<locals>._put_file() done, defined at /home/michael/work/gpu-head/venv/lib/python3.12/site-packages/modal/mount.py:559> exception=ClientClosed(140730186154928)>
Traceback (most recent call last):
  File "/home/michael/work/gpu-head/venv/lib/python3.12/site-packages/modal/_utils/async_utils.py", line 1087, in producer
    async for item in stream:
  File "/home/michael/work/gpu-head/venv/lib/python3.12/site-packages/modal/_utils/async_utils.py", line 1202, in worker
    res = await prevent_cancellation_abortion(async_mapper_func(item.value))
          ^^^^^^^^^^^^^^^^^^^^^^^^^^^^^^^^^^^^^^^^^^^^^^^^^^^^^^^^^^^^^^^^^^
  File "/home/michael/work/gpu-head/venv/lib/python3.12/site-packages/modal/_utils/async_utils.py", line 1173, in prevent_cancellation_abortion
    await t  # this *normally* reraises
    ^^^^^^^
  File "/home/michael/work/gpu-head/venv/lib/python3.12/site-packages/modal/mount.py", line 617, in _put_file
    response = await load_context.client._stub.MountPutFile(request, retry=Retry(base_delay=1))
               ^^^^^^^^^^^^^^^^^^^^^^^^^^^^^^^^^^^^^^^^^^^^^^^^^^^^^^^^^^^^^^^^^^^^^^^^^^^^^^^^
  File "/home/michael/work/gpu-head/venv/lib/python3.12/site-packages/modal/_grpc_client.py", line 164, in direct
    return await self.client._call_unary(self.wrapped_method, req, timeout=timeout, metadata=metadata)
           ^^^^^^^^^^^^^^^^^^^^^^^^^^^^^^^^^^^^^^^^^^^^^^^^^^^^^^^^^^^^^^^^^^^^^^^^^^^^^^^^^^^^^^^^^^^
  File "/home/michael/work/gpu-head/venv/lib/python3.12/site-packages/modal/client.py", line 533, in _call_unary
    return await self._call_safely(coro, grpclib_method.name)
           ^^^^^^^^^^^^^^^^^^^^^^^^^^^^^^^^^^^^^^^^^^^^^^^^^^
  File "/home/michael/work/gpu-head/venv/lib/python3.12/site-packages/modal/client.py", line 492, in _call_safely
    raise ClientClosed(id(self)) from None
modal.exception.ClientClosed: 140730186154928
ERROR:asyncio:unhandled exception during asyncio.run() shutdown
task: <Task finished name='Task-1782' coro=<_Mount._load_mount.<locals>._put_file() done, defined at /home/michael/work/gpu-head/venv/lib/python3.12/site-packages/modal/mount.py:559> exception=ClientClosed(140730186154928)>
Traceback (most recent call last):
  File "/home/michael/work/gpu-head/venv/lib/python3.12/site-packages/modal/_utils/async_utils.py", line 1087, in producer
    async for item in stream:
  File "/home/michael/work/gpu-head/venv/lib/python3.12/site-packages/modal/_utils/async_utils.py", line 1202, in worker
    res = await prevent_cancellation_abortion(async_mapper_func(item.value))
          ^^^^^^^^^^^^^^^^^^^^^^^^^^^^^^^^^^^^^^^^^^^^^^^^^^^^^^^^^^^^^^^^^^
  File "/home/michael/work/gpu-head/venv/lib/python3.12/site-packages/modal/_utils/async_utils.py", line 1173, in prevent_cancellation_abortion
    await t  # this *normally* reraises
    ^^^^^^^
  File "/home/michael/work/gpu-head/venv/lib/python3.12/site-packages/modal/mount.py", line 617, in _put_file
    response = await load_context.client._stub.MountPutFile(request, retry=Retry(base_delay=1))
               ^^^^^^^^^^^^^^^^^^^^^^^^^^^^^^^^^^^^^^^^^^^^^^^^^^^^^^^^^^^^^^^^^^^^^^^^^^^^^^^^
  File "/home/michael/work/gpu-head/venv/lib/python3.12/site-packages/modal/_grpc_client.py", line 164, in direct
    return await self.client._call_unary(self.wrapped_method, req, timeout=timeout, metadata=metadata)
           ^^^^^^^^^^^^^^^^^^^^^^^^^^^^^^^^^^^^^^^^^^^^^^^^^^^^^^^^^^^^^^^^^^^^^^^^^^^^^^^^^^^^^^^^^^^
  File "/home/michael/work/gpu-head/venv/lib/python3.12/site-packages/modal/client.py", line 533, in _call_unary
    return await self._call_safely(coro, grpclib_method.name)
           ^^^^^^^^^^^^^^^^^^^^^^^^^^^^^^^^^^^^^^^^^^^^^^^^^^
  File "/home/michael/work/gpu-head/venv/lib/python3.12/site-packages/modal/client.py", line 492, in _call_safely
    raise ClientClosed(id(self)) from None
modal.exception.ClientClosed: 140730186154928
[yeto] run 'algo1b-g1b-a' finished: FAILED (exit code 1)
rc=1
