[yeto] provisioning head cluster yeto-hp929-head in nebius/eu-north1
Running on cluster: yeto-hp929-head
Considered resources (1 node):
---------------------------------------------------------------------------------------
 INFRA                INSTANCE            vCPUs   Mem(GB)   GPUS   COST ($)   CHOSEN   
---------------------------------------------------------------------------------------
 Nebius (eu-north1)   cpu-d3_8vcpu-32gb   8       32        -      0.20       [32m   ✔[0m     
---------------------------------------------------------------------------------------
/home/michael/work/gpu-head/venv/lib/python3.12/site-packages/sky/adaptors/nebius.py:248: FutureWarning: user_agent_prefix will become mandatory in a future release
  return nebius.sdk.SDK(
[0m⚙︎ Launching on Nebius eu-north1[0m.
[2m└── [0m[2mInstance is up.[0m
[0m[32m✓ Cluster launched: yeto-hp929-head.[0m[0m  [2mView logs: [1msky logs --provision yeto-hp929-head[0m[0m
[0m⚙︎ Syncing files.
  [2mSyncing workdir (to 1 node): /home/michael/work/gpu-head/yeto -> ~/sky_workdir[0m
[0m[32m✓ Synced workdir.[0m[0m  [2mView logs: sky api logs -l sky-2026-09-29-05-52-14-504520/workdir_sync.log[0m
  [2mSyncing (to 1 node): /home/michael/.nebius -> ~/.nebius[0m
  [2mSyncing (to 1 node): /home/michael/.modal.toml -> ~/.modal.toml[0m
  [2mSyncing (to 1 node): /home/michael/.sky/config.yaml -> ~/.sky/config.yaml[0m
[0m[32m✓ Synced file_mounts.[0m[0m  [2mView logs: sky api logs -l sky-2026-09-29-05-52-14-504520/file_mounts.log[0m
[0m[32m✓ Setup detached.[0m[0m
[0m⚙︎ Job submitted, ID: 1
[yeto] head is up at 89.169.111.18; submitting the controller job
/home/michael/work/gpu-head/venv/lib/python3.12/site-packages/sky/adaptors/nebius.py:248: FutureWarning: user_agent_prefix will become mandatory in a future release
  return nebius.sdk.SDK(
[0m⚙︎ Job submitted, ID: 2
[yeto] run 'yeto-hp929' submitted: job 2 on yeto-hp929-head.
[yeto] this machine is no longer needed; the head supervises the fleet.
[yeto] streaming head logs — Ctrl-C detaches, the run keeps going.

/home/michael/work/gpu-head/venv/lib/python3.12/site-packages/sky/adaptors/nebius.py:248: FutureWarning: user_agent_prefix will become mandatory in a future release
  return nebius.sdk.SDK(
[2m├── [0m[2mWaiting for task resources on 1 node.[0m
[2m└── [0mJob started. Streaming logs... [2m(Ctrl-C to exit log streaming; job will not be killed)[0m
[36m(yeto-head-job, pid=2880)[0m [launcher] syncer subprocess started (pid 5452)
[36m(yeto-head-job, pid=2880)[0m [syncer] 2026-09-29T05:56:52.450140Z  INFO yeto_syncer::server: syncer listening port=29400 semantic_profile_sha256="0f1dd003fd8d40cae8ef7d8f2e253b2f58a00806038150774069d84926a804a9" require_profile_binding=false
[36m(yeto-head-job, pid=2880)[0m [syncer] 2026-09-29T05:56:52.450189Z  INFO yeto_syncer::server: waiting for learners and INIT_PARAMS expected=2
[36m(yeto-head-job, pid=2880)[0m [launcher] syncer runs on this head node at 89.169.111.18:29400
[36m(yeto-head-job, pid=2880)[0m [launcher] deploying Modal app yeto-yeto-hp929 (2 island(s))
[36m(yeto-head-job, pid=2880)[0m Building image im-jR8fadY1ANiSYcABWWHd1Z
[36m(yeto-head-job, pid=2880)[0m Building image im-jR8fadY1ANiSYcABWWHd1Z
[36m(yeto-head-job, pid=2880)[0m 
[36m(yeto-head-job, pid=2880)[0m => Step 0: FROM ghcr.io/agentenv/miles@sha256:80c20538b63f76defde06ad5d4cfa564ae6f261110696eb1864470cb835e1590
[36m(yeto-head-job, pid=2880)[0m 
[36m(yeto-head-job, pid=2880)[0m => Step 0: FROM ghcr.io/agentenv/miles@sha256:80c20538b63f76defde06ad5d4cfa564ae6f261110696eb1864470cb835e1590
[36m(yeto-head-job, pid=2880)[0m time="2026-09-29T05:56:55Z" level=fatal msg="initializing source docker://ghcr.io/agentenv/miles@sha256:80c20538b63f76defde06ad5d4cfa564ae6f261110696eb1864470cb835e1590: unable to retrieve auth token: invalid username/password: unauthorized"
[36m(yeto-head-job, pid=2880)[0m time="2026-09-29T05:56:55Z" level=fatal msg="initializing source docker://ghcr.io/agentenv/miles@sha256:80c20538b63f76defde06ad5d4cfa564ae6f261110696eb1864470cb835e1590: unable to retrieve auth token: invalid username/password: unauthorized"
[36m(yeto-head-job, pid=2880)[0m Terminating task due to error: command skopeo copy docker://ghcr.io/agentenv/miles@sha256:80c20538b63f76defde06ad5d4cfa564ae6f261110696eb1864470cb835e1590 oci:... had exit status: 1
[36m(yeto-head-job, pid=2880)[0m Terminating task due to error: command skopeo copy docker://ghcr.io/agentenv/miles@sha256:80c20538b63f76defde06ad5d4cfa564ae6f261110696eb1864470cb835e1590 oci:... had exit status: 1
[36m(yeto-head-job, pid=2880)[0m [launcher] Modal app stop failed: modal app stop yeto-yeto-hp929 failed: ╭─ Error ──────────────────────────────────────────────────────────────────────╮
[36m(yeto-head-job, pid=2880)[0m │ No App with name 'yeto-yeto-hp929' found in the 'main' environment.          │
[36m(yeto-head-job, pid=2880)[0m ╰──────────────────────────────────────────────────────────────────────────────╯
[36m(yeto-head-job, pid=2880)[0m [launcher] run finished; model + checkpoint live on the head — tear it down with: yeto down yeto-hp929
[36m(yeto-head-job, pid=2880)[0m Traceback (most recent call last):
[36m(yeto-head-job, pid=2880)[0m   File "/home/ubuntu/sky_workdir/yeto/cli.py", line 1510, in cmd_head
[36m(yeto-head-job, pid=2880)[0m     code = launcher.run(args, local_syncer=syncer)
[36m(yeto-head-job, pid=2880)[0m   File "/home/ubuntu/sky_workdir/yeto/launcher.py", line 3576, in run
[36m(yeto-head-job, pid=2880)[0m     modal_ops.deploy()
[36m(yeto-head-job, pid=2880)[0m   File "/home/ubuntu/sky_workdir/yeto/modal_runner.py", line 333, in deploy
[36m(yeto-head-job, pid=2880)[0m     self._app.deploy(name=self.app_name)
[36m(yeto-head-job, pid=2880)[0m   File "/home/ubuntu/miniconda3/lib/python3.10/site-packages/synchronicity/synchronizer.py", line 819, in proxy_method
[36m(yeto-head-job, pid=2880)[0m     return wrapped_method(instance, *args, **kwargs)
[36m(yeto-head-job, pid=2880)[0m   File "/home/ubuntu/miniconda3/lib/python3.10/site-packages/synchronicity/combined_types.py", line 33, in __call__
[36m(yeto-head-job, pid=2880)[0m     raise uc_exc.exc
[36m(yeto-head-job, pid=2880)[0m   File "/home/ubuntu/miniconda3/lib/python3.10/site-packages/modal/app.py", line 581, in deploy
[36m(yeto-head-job, pid=2880)[0m     result = await _deploy_app(
[36m(yeto-head-job, pid=2880)[0m   File "/home/ubuntu/miniconda3/lib/python3.10/site-packages/modal/runner.py", line 689, in _deploy_app
[36m(yeto-head-job, pid=2880)[0m     raise e
[36m(yeto-head-job, pid=2880)[0m   File "/home/ubuntu/miniconda3/lib/python3.10/site-packages/modal/runner.py", line 666, in _deploy_app
[36m(yeto-head-job, pid=2880)[0m     await _create_all_objects(running_app, local_app_state, root_load_context)
[36m(yeto-head-job, pid=2880)[0m   File "/home/ubuntu/miniconda3/lib/python3.10/site-packages/modal/runner.py", line 203, in _create_all_objects
[36m(yeto-head-job, pid=2880)[0m     await asyncio.gather(*[tc.create_task(_load(tag, obj)) for tag, obj in indexed_objects.items()])
[36m(yeto-head-job, pid=2880)[0m   File "/home/ubuntu/miniconda3/lib/python3.10/site-packages/modal/runner.py", line 194, in _load
[36m(yeto-head-job, pid=2880)[0m     await resolver.load(obj, load_context, existing_object_id=existing_object_id)
[36m(yeto-head-job, pid=2880)[0m   File "/home/ubuntu/miniconda3/lib/python3.10/site-packages/modal/_resolver.py", line 109, in load
[36m(yeto-head-job, pid=2880)[0m     return await cached_future
[36m(yeto-head-job, pid=2880)[0m   File "/home/ubuntu/miniconda3/lib/python3.10/site-packages/modal/_resolver.py", line 81, in loader
[36m(yeto-head-job, pid=2880)[0m     await asyncio.gather(*[self.load(dep, load_context) for dep in obj._deps_()])
[36m(yeto-head-job, pid=2880)[0m   File "/home/ubuntu/miniconda3/lib/python3.10/site-packages/modal/_resolver.py", line 109, in load
[36m(yeto-head-job, pid=2880)[0m     return await cached_future
[36m(yeto-head-job, pid=2880)[0m   File "/home/ubuntu/miniconda3/lib/python3.10/site-packages/modal/_resolver.py", line 81, in loader
[36m(yeto-head-job, pid=2880)[0m     await asyncio.gather(*[self.load(dep, load_context) for dep in obj._deps_()])
[36m(yeto-head-job, pid=2880)[0m   File "/home/ubuntu/miniconda3/lib/python3.10/site-packages/modal/_resolver.py", line 109, in load
[36m(yeto-head-job, pid=2880)[0m     return await cached_future
[36m(yeto-head-job, pid=2880)[0m   File "/home/ubuntu/miniconda3/lib/python3.10/site-packages/modal/_resolver.py", line 81, in loader
[36m(yeto-head-job, pid=2880)[0m     await asyncio.gather(*[self.load(dep, load_context) for dep in obj._deps_()])
[36m(yeto-head-job, pid=2880)[0m   File "/home/ubuntu/miniconda3/lib/python3.10/site-packages/modal/_resolver.py", line 109, in load
[36m(yeto-head-job, pid=2880)[0m     return await cached_future
[36m(yeto-head-job, pid=2880)[0m   File "/home/ubuntu/miniconda3/lib/python3.10/site-packages/modal/_resolver.py", line 87, in loader
[36m(yeto-head-job, pid=2880)[0m     await obj._load(obj, self, load_context, existing_object_id)
[36m(yeto-head-job, pid=2880)[0m   File "/home/ubuntu/miniconda3/lib/python3.10/site-packages/modal/_image.py", line 792, in _load
[36m(yeto-head-job, pid=2880)[0m     raise ImageBuildError(msg, image_id)
[36m(yeto-head-job, pid=2880)[0m modal.exception.ImageBuildError: Image build for im-jR8fadY1ANiSYcABWWHd1Z failed.
[36m(yeto-head-job, pid=2880)[0m View the build logs:
[36m(yeto-head-job, pid=2880)[0m   modal image logs im-jR8fadY1ANiSYcABWWHd1Z
ERROR: [31mJob 2 failed with return code list:[0m [1] 
[0m[32m✓ Job finished (status: FAILED).[0m[0m
[yeto] head job ended; the head cluster yeto-hp929-head is still up — tear everything down with: yeto down yeto-hp929
